Archive member included to satisfy reference by file (symbol)

c:/st/stm32cubeide_1.7.0/stm32cubeide/plugins/com.st.stm32cube.ide.mcu.externaltools.gnu-tools-for-stm32.9-2020-q2-update.win32_2.0.0.202105311346/tools/bin/../lib/gcc/arm-none-eabi/9.3.1/../../../../arm-none-eabi/lib/thumb/v7-m/nofp\libc_nano.a(lib_a-errno.o)
                              ./Core/Src/syscalls.o (__errno)
c:/st/stm32cubeide_1.7.0/stm32cubeide/plugins/com.st.stm32cube.ide.mcu.externaltools.gnu-tools-for-stm32.9-2020-q2-update.win32_2.0.0.202105311346/tools/bin/../lib/gcc/arm-none-eabi/9.3.1/../../../../arm-none-eabi/lib/thumb/v7-m/nofp\libc_nano.a(lib_a-exit.o)
                              c:/st/stm32cubeide_1.7.0/stm32cubeide/plugins/com.st.stm32cube.ide.mcu.externaltools.gnu-tools-for-stm32.9-2020-q2-update.win32_2.0.0.202105311346/tools/bin/../lib/gcc/arm-none-eabi/9.3.1/../../../../arm-none-eabi/lib/thumb/v7-m/nofp/crt0.o (exit)
c:/st/stm32cubeide_1.7.0/stm32cubeide/plugins/com.st.stm32cube.ide.mcu.externaltools.gnu-tools-for-stm32.9-2020-q2-update.win32_2.0.0.202105311346/tools/bin/../lib/gcc/arm-none-eabi/9.3.1/../../../../arm-none-eabi/lib/thumb/v7-m/nofp\libc_nano.a(lib_a-impure.o)
                              c:/st/stm32cubeide_1.7.0/stm32cubeide/plugins/com.st.stm32cube.ide.mcu.externaltools.gnu-tools-for-stm32.9-2020-q2-update.win32_2.0.0.202105311346/tools/bin/../lib/gcc/arm-none-eabi/9.3.1/../../../../arm-none-eabi/lib/thumb/v7-m/nofp\libc_nano.a(lib_a-exit.o) (_global_impure_ptr)
c:/st/stm32cubeide_1.7.0/stm32cubeide/plugins/com.st.stm32cube.ide.mcu.externaltools.gnu-tools-for-stm32.9-2020-q2-update.win32_2.0.0.202105311346/tools/bin/../lib/gcc/arm-none-eabi/9.3.1/../../../../arm-none-eabi/lib/thumb/v7-m/nofp\libc_nano.a(lib_a-init.o)
                              c:/st/stm32cubeide_1.7.0/stm32cubeide/plugins/com.st.stm32cube.ide.mcu.externaltools.gnu-tools-for-stm32.9-2020-q2-update.win32_2.0.0.202105311346/tools/bin/../lib/gcc/arm-none-eabi/9.3.1/../../../../arm-none-eabi/lib/thumb/v7-m/nofp/crt0.o (__libc_init_array)
c:/st/stm32cubeide_1.7.0/stm32cubeide/plugins/com.st.stm32cube.ide.mcu.externaltools.gnu-tools-for-stm32.9-2020-q2-update.win32_2.0.0.202105311346/tools/bin/../lib/gcc/arm-none-eabi/9.3.1/../../../../arm-none-eabi/lib/thumb/v7-m/nofp\libc_nano.a(lib_a-memset.o)
                              c:/st/stm32cubeide_1.7.0/stm32cubeide/plugins/com.st.stm32cube.ide.mcu.externaltools.gnu-tools-for-stm32.9-2020-q2-update.win32_2.0.0.202105311346/tools/bin/../lib/gcc/arm-none-eabi/9.3.1/../../../../arm-none-eabi/lib/thumb/v7-m/nofp/crt0.o (memset)
c:/st/stm32cubeide_1.7.0/stm32cubeide/plugins/com.st.stm32cube.ide.mcu.externaltools.gnu-tools-for-stm32.9-2020-q2-update.win32_2.0.0.202105311346/tools/bin/../lib/gcc/arm-none-eabi/9.3.1/../../../../arm-none-eabi/lib/thumb/v7-m/nofp\libc_nano.a(lib_a-sprintf.o)
                              ./Core/Src/LCD.o (sprintf)
c:/st/stm32cubeide_1.7.0/stm32cubeide/plugins/com.st.stm32cube.ide.mcu.externaltools.gnu-tools-for-stm32.9-2020-q2-update.win32_2.0.0.202105311346/tools/bin/../lib/gcc/arm-none-eabi/9.3.1/../../../../arm-none-eabi/lib/thumb/v7-m/nofp\libc_nano.a(lib_a-nano-svfprintf.o)
                              c:/st/stm32cubeide_1.7.0/stm32cubeide/plugins/com.st.stm32cube.ide.mcu.externaltools.gnu-tools-for-stm32.9-2020-q2-update.win32_2.0.0.202105311346/tools/bin/../lib/gcc/arm-none-eabi/9.3.1/../../../../arm-none-eabi/lib/thumb/v7-m/nofp\libc_nano.a(lib_a-sprintf.o) (_svfprintf_r)
c:/st/stm32cubeide_1.7.0/stm32cubeide/plugins/com.st.stm32cube.ide.mcu.externaltools.gnu-tools-for-stm32.9-2020-q2-update.win32_2.0.0.202105311346/tools/bin/../lib/gcc/arm-none-eabi/9.3.1/../../../../arm-none-eabi/lib/thumb/v7-m/nofp\libc_nano.a(lib_a-nano-vfprintf_i.o)
                              c:/st/stm32cubeide_1.7.0/stm32cubeide/plugins/com.st.stm32cube.ide.mcu.externaltools.gnu-tools-for-stm32.9-2020-q2-update.win32_2.0.0.202105311346/tools/bin/../lib/gcc/arm-none-eabi/9.3.1/../../../../arm-none-eabi/lib/thumb/v7-m/nofp\libc_nano.a(lib_a-nano-svfprintf.o) (_printf_i)
c:/st/stm32cubeide_1.7.0/stm32cubeide/plugins/com.st.stm32cube.ide.mcu.externaltools.gnu-tools-for-stm32.9-2020-q2-update.win32_2.0.0.202105311346/tools/bin/../lib/gcc/arm-none-eabi/9.3.1/../../../../arm-none-eabi/lib/thumb/v7-m/nofp\libc_nano.a(lib_a-memchr-stub.o)
                              c:/st/stm32cubeide_1.7.0/stm32cubeide/plugins/com.st.stm32cube.ide.mcu.externaltools.gnu-tools-for-stm32.9-2020-q2-update.win32_2.0.0.202105311346/tools/bin/../lib/gcc/arm-none-eabi/9.3.1/../../../../arm-none-eabi/lib/thumb/v7-m/nofp\libc_nano.a(lib_a-nano-svfprintf.o) (memchr)
c:/st/stm32cubeide_1.7.0/stm32cubeide/plugins/com.st.stm32cube.ide.mcu.externaltools.gnu-tools-for-stm32.9-2020-q2-update.win32_2.0.0.202105311346/tools/bin/../lib/gcc/arm-none-eabi/9.3.1/../../../../arm-none-eabi/lib/thumb/v7-m/nofp\libc_nano.a(lib_a-memcpy-stub.o)
[...]
Memory Configuration

Name             Origin             Length             Attributes
RAM              0x0000000020000000 0x0000000000005000 xrw
FLASH            0x0000000008000000 0x0000000000020000 xr
*default*        0x0000000000000000 0xffffffffffffffff

Linker script and memory map

LOAD c:/st/stm32cubeide_1.7.0/stm32cubeide/plugins/com.st.stm32cube.ide.mcu.externaltools.gnu-tools-for-stm32.9-2020-q2-update.win32_2.0.0.202105311346/tools/bin/../lib/gcc/arm-none-eabi/9.3.1/thumb/v7-m/nofp/crti.o
LOAD c:/st/stm32cubeide_1.7.0/stm32cubeide/plugins/com.st.stm32cube.ide.mcu.externaltools.gnu-tools-for-stm32.9-2020-q2-update.win32_2.0.0.202105311346/tools/bin/../lib/gcc/arm-none-eabi/9.3.1/thumb/v7-m/nofp/crtbegin.o
LOAD c:/st/stm32cubeide_1.7.0/stm32cubeide/plugins/com.st.stm32cube.ide.mcu.externaltools.gnu-tools-for-stm32.9-2020-q2-update.win32_2.0.0.202105311346/tools/bin/../lib/gcc/arm-none-eabi/9.3.1/../../../../arm-none-eabi/lib/thumb/v7-m/nofp/crt0.o
LOAD ./Core/Src/BUTTON.o
LOAD ./Core/Src/FSM_AUTO.o
LOAD ./Core/Src/FSM_ERROR.o
LOAD ./Core/Src/FSM_INIT.o
LOAD ./Core/Src/FSM_MANUAL.o
LOAD ./Core/Src/GLOBAL.o
LOAD ./Core/Src/LCD.o
LOAD ./Core/Src/SOFTWARE_TIMER.o
LOAD ./Core/Src/STATUS_LIGHT.o
LOAD ./Core/Src/main.o
LOAD ./Core/Src/stm32f1xx_hal_msp.o
LOAD ./Core/Src/stm32f1xx_it.o
LOAD ./Core/Src/syscalls.o
LOAD ./Core/Src/sysmem.o
LOAD ./Core/Src/system_stm32f1xx.o
LOAD ./Core/Startup/startup_stm32f103rbtx.o
LOAD ./Drivers/STM32F1xx_HAL_Driver/Src/stm32f1xx_hal.o
LOAD ./Drivers/STM32F1xx_HAL_Driver/Src/stm32f1xx_hal_cortex.o
LOAD ./Drivers/STM32F1xx_HAL_Driver/Src/stm32f1xx_hal_dma.o
LOAD ./Drivers/STM32F1xx_HAL_Driver/Src/stm32f1xx_hal_exti.o
LOAD ./Drivers/STM32F1xx_HAL_Driver/Src/stm32f1xx_hal_flash.o
LOAD ./Drivers/STM32F1xx_HAL_Driver/Src/stm32f1xx_hal_flash_ex.o
LOAD ./Drivers/STM32F1xx_HAL_Driver/Src/stm32f1xx_hal_gpio.o
LOAD ./Drivers/STM32F1xx_HAL_Driver/Src/stm32f1xx_hal_gpio_ex.o
LOAD ./Drivers/STM32F1xx_HAL_Driver/Src/stm32f1xx_hal_i2c.o
LOAD ./Drivers/STM32F1xx_HAL_Driver/Src/stm32f1xx_hal_pwr.o
LOAD ./Drivers/STM32F1xx_HAL_Driver/Src/stm32f1xx_hal_rcc.o
LOAD ./Drivers/STM32F1xx_HAL_Driver/Src/stm32f1xx_hal_rcc_ex.o
LOAD ./Drivers/STM32F1xx_HAL_Driver/Src/stm32f1xx_hal_tim.o
LOAD ./Drivers/STM32F1xx_HAL_Driver/Src/stm32f1xx_hal_tim_ex.o
LOAD ./Drivers/STM32F1xx_HAL_Driver/Src/stm32f1xx_hal_uart.o
START GROUP
LOAD c:/st/stm32cubeide_1.7.0/stm32cubeide/plugins/com.st.stm32cube.ide.mcu.externaltools.gnu-tools-for-stm32.9-2020-q2-update.win32_2.0.0.202105311346/tools/bin/../lib/gcc/arm-none-eabi/9.3.1/../../../../arm-none-eabi/lib/thumb/v7-m/nofp\libc_nano.a
LOAD c:/st/stm32cubeide_1.7.0/stm32cubeide/plugins/com.st.stm32cube.ide.mcu.externaltools.gnu-tools-for-stm32.9-2020-q2-update.win32_2.0.0.202105311346/tools/bin/../lib/gcc/arm-none-eabi/9.3.1/../../../../arm-none-eabi/lib/thumb/v7-m/nofp\libm.a
END GROUP
START GROUP
LOAD c:/st/stm32cubeide_1.7.0/stm32cubeide/plugins/com.st.stm32cube.ide.mcu.externaltools.gnu-tools-for-stm32.9-2020-q2-update.win32_2.0.0.202105311346/tools/bin/../lib/gcc/arm-none-eabi/9.3.1/thumb/v7-m/nofp\libgcc.a
LOAD c:/st/stm32cubeide_1.7.0/stm32cubeide/plugins/com.st.stm32cube.ide.mcu.externaltools.gnu-tools-for-stm32.9-2020-q2-update.win32_2.0.0.202105311346/tools/bin/../lib/gcc/arm-none-eabi/9.3.1/../../../../arm-none-eabi/lib/thumb/v7-m/nofp\libc_nano.a
END GROUP
START GROUP
LOAD c:/st/stm32cubeide_1.7.0/stm32cubeide/plugins/com.st.stm32cube.ide.mcu.externaltools.gnu-tools-for-stm32.9-2020-q2-update.win32_2.0.0.202105311346/tools/bin/../lib/gcc/arm-none-eabi/9.3.1/thumb/v7-m/nofp\libgcc.a
LOAD c:/st/stm32cubeide_1.7.0/stm32cubeide/plugins/com.st.stm32cube.ide.mcu.externaltools.gnu-tools-for-stm32.9-2020-q2-update.win32_2.0.0.202105311346/tools/bin/../lib/gcc/arm-none-eabi/9.3.1/../../../../arm-none-eabi/lib/thumb/v7-m/nofp\libc_nano.a
LOAD c:/st/stm32cubeide_1.7.0/stm32cubeide/plugins/com.st.stm32cube.ide.mcu.externaltools.gnu-tools-for-stm32.9-2020-q2-update.win32_2.0.0.202105311346/tools/bin/../lib/gcc/arm-none-eabi/9.3.1/../../../../arm-none-eabi/lib/thumb/v7-m/nofp\libnosys.a
END GROUP
START GROUP
LOAD c:/st/stm32cubeide_1.7.0/stm32cubeide/plugins/com.st.stm32cube.ide.mcu.externaltools.gnu-tools-for-stm32.9-2020-q2-update.win32_2.0.0.202105311346/tools/bin/../lib/gcc/arm-none-eabi/9.3.1/thumb/v7-m/nofp\libgcc.a
LOAD c:/st/stm32cubeide_1.7.0/stm32cubeide/plugins/com.st.stm32cube.ide.mcu.externaltools.gnu-tools-for-stm32.9-2020-q2-update.win32_2.0.0.202105311346/tools/bin/../lib/gcc/arm-none-eabi/9.3.1/../../../../arm-none-eabi/lib/thumb/v7-m/nofp\libc_nano.a
LOAD c:/st/stm32cubeide_1.7.0/stm32cubeide/plugins/com.st.stm32cube.ide.mcu.externaltools.gnu-tools-for-stm32.9-2020-q2-update.win32_2.0.0.202105311346/tools/bin/../lib/gcc/arm-none-eabi/9.3.1/../../../../arm-none-eabi/lib/thumb/v7-m/nofp\libnosys.a
END GROUP
LOAD c:/st/stm32cubeide_1.7.0/stm32cubeide/plugins/com.st.stm32cube.ide.mcu.externaltools.gnu-tools-for-stm32.9-2020-q2-update.win32_2.0.0.202105311346/tools/bin/../lib/gcc/arm-none-eabi/9.3.1/thumb/v7-m/nofp/crtend.o
LOAD c:/st/stm32cubeide_1.7.0/stm32cubeide/plugins/com.st.stm32cube.ide.mcu.externaltools.gnu-tools-for-stm32.9-2020-q2-update.win32_2.0.0.202105311346/tools/bin/../lib/gcc/arm-none-eabi/9.3.1/thumb/v7-m/nofp/crtn.o
                0x0000000020005000                _estack = (ORIGIN (RAM) + LENGTH (RAM))
                0x0000000000000200                _Min_Heap_Size = 0x200
                0x0000000000000400                _Min_Stack_Size = 0x400

.isr_vector     0x0000000008000000      0x10c
                0x0000000008000000                . = ALIGN (0x4)
 *(.isr_vector)
 .isr_vector    0x0000000008000000      0x10c ./Core/Startup/startup_stm32f103rbtx.o
                0x0000000008000000                g_pfnVectors
                0x000000000800010c                . = ALIGN (0x4)

.text           0x000000000800010c     0x4108
                0x000000000800010c                . = ALIGN (0x4)
 *(.text)
 .text          0x000000000800010c       0x40 c:/st/stm32cubeide_1.7.0/stm32cubeide/plugins/com.st.stm32cube.ide.mcu.externaltools.gnu-tools-for-stm32.9-2020-q2-update.win32_2.0.0.202105311346/tools/bin/../lib/gcc/arm-none-eabi/9.3.1/thumb/v7-m/nofp/crtbegin.o
 *(.text*)
 .text.read_button_pin
                0x000000000800014c       0x34 ./Core/Src/BUTTON.o
 .text.button_is_pressed
                0x0000000008000180       0x30 ./Core/Src/BUTTON.o
                0x0000000008000180                button_is_pressed
 .text.button_is_hold_1s
                0x00000000080001b0       0x30 ./Core/Src/BUTTON.o
                0x00000000080001b0                button_is_hold_1s
 .text.button_is_hold_fast_tick
                0x00000000080001e0       0x30 ./Core/Src/BUTTON.o
                0x00000000080001e0                button_is_hold_fast_tick
 .text.GetKeyInput
                0x0000000008000210      0x17c ./Core/Src/BUTTON.o
                0x0000000008000210                GetKeyInput
 .text.FSM_AUTO_RUN
                0x000000000800038c      0x1c4 ./Core/Src/FSM_AUTO.o
                0x000000000800038c                FSM_AUTO_RUN
 .text.FSM_ERROR_RUN
                0x0000000008000550       0xb4 ./Core/Src/FSM_ERROR.o
                0x0000000008000550                FSM_ERROR_RUN
 .text.FSM_INIT_RUN
                0x0000000008000604       0x74 ./Core/Src/FSM_INIT.o
                0x0000000008000604                FSM_INIT_RUN
 .text.FSM_MANUAL_RUN
                0x0000000008000678      0x290 ./Core/Src/FSM_MANUAL.o
                0x0000000008000678                FSM_MANUAL_RUN
 .text.lcd_send_cmd
                0x0000000008000908       0x60 ./Core/Src/LCD.o
                0x0000000008000908                lcd_send_cmd
 .text.lcd_send_data
                0x0000000008000968       0x60 ./Core/Src/LCD.o
                0x0000000008000968                lcd_send_data
 .text.lcd_clear
                0x00000000080009c8       0x32 ./Core/Src/LCD.o
                0x00000000080009c8                lcd_clear
 .text.lcd_put_cur
                0x00000000080009fa       0x3e ./Core/Src/LCD.o
                0x00000000080009fa                lcd_put_cur
 .text.lcd_init
                0x0000000008000a38       0x74 ./Core/Src/LCD.o
                0x0000000008000a38                lcd_init
 .text.lcd_send_string
                0x0000000008000aac       0x2a ./Core/Src/LCD.o
                0x0000000008000aac                lcd_send_string
 *fill*         0x0000000008000ad6        0x2 
 .text.get_color_str
                0x0000000008000ad8       0x60 ./Core/Src/LCD.o
 .text.LCD_Draw_Auto
                0x0000000008000b38       0xb4 ./Core/Src/LCD.o
 .text.LCD_Draw_Manual
                0x0000000008000bec      0x104 ./Core/Src/LCD.o
 .text.LCD_Draw_Error
                0x0000000008000cf0       0x58 ./Core/Src/LCD.o
 .text.LCD_Reset_Cache
                0x0000000008000d48       0x38 ./Core/Src/LCD.o
 .text.updateLCD
                0x0000000008000d80       0x54 ./Core/Src/LCD.o
                0x0000000008000d80                updateLCD
 .text.setTimer
                0x0000000008000dd4       0x40 ./Core/Src/SOFTWARE_TIMER.o
                0x0000000008000dd4                setTimer
 .text.timer_run
                0x0000000008000e14       0x60 ./Core/Src/SOFTWARE_TIMER.o
                0x0000000008000e14                timer_run
 .text.getTimerFlag
                0x0000000008000e74       0x34 ./Core/Src/SOFTWARE_TIMER.o
                0x0000000008000e74                getTimerFlag
 .text.writeTrafficLight1
                0x0000000008000ea8       0x4c ./Core/Src/STATUS_LIGHT.o
                0x0000000008000ea8                writeTrafficLight1
 .text.writeTrafficLight2
                0x0000000008000ef4       0x4c ./Core/Src/STATUS_LIGHT.o
                0x0000000008000ef4                writeTrafficLight2
 .text.setTrafficLight
                0x0000000008000f40       0xb4 ./Core/Src/STATUS_LIGHT.o
                0x0000000008000f40                setTrafficLight
 .text.main     0x0000000008000ff4       0xc0 ./Core/Src/main.o
                0x0000000008000ff4                main
 .text.SystemClock_Config
                0x00000000080010b4       0x82 ./Core/Src/main.o
                0x00000000080010b4                SystemClock_Config
 *fill*         0x0000000008001136        0x2 
 .text.MX_I2C1_Init
                0x0000000008001138       0x5c ./Core/Src/main.o
 .text.MX_TIM2_Init
                0x0000000008001194       0x98 ./Core/Src/main.o
 .text.MX_USART2_UART_Init
                0x000000000800122c       0x54 ./Core/Src/main.o
 .text.MX_GPIO_Init
                0x0000000008001280      0x154 ./Core/Src/main.o
 .text.HAL_TIM_PeriodElapsedCallback
                0x00000000080013d4       0x4c ./Core/Src/main.o
                0x00000000080013d4                HAL_TIM_PeriodElapsedCallback
 .text.Error_Handler
                0x0000000008001420        0xa ./Core/Src/main.o
                0x0000000008001420                Error_Handler
 *fill*         0x000000000800142a        0x2 
 .text.HAL_MspInit
                0x000000000800142c       0x64 ./Core/Src/stm32f1xx_hal_msp.o
                0x000000000800142c                HAL_MspInit
 .text.HAL_I2C_MspInit
                0x0000000008001490       0xa0 ./Core/Src/stm32f1xx_hal_msp.o
                0x0000000008001490                HAL_I2C_MspInit
 .text.HAL_TIM_Base_MspInit
                0x0000000008001530       0x48 ./Core/Src/stm32f1xx_hal_msp.o
                0x0000000008001530                HAL_TIM_Base_MspInit
 .text.HAL_UART_MspInit
                0x0000000008001578       0x7c ./Core/Src/stm32f1xx_hal_msp.o
                0x0000000008001578                HAL_UART_MspInit
 .text.NMI_Handler
                0x00000000080015f4        0x6 ./Core/Src/stm32f1xx_it.o
                0x00000000080015f4                NMI_Handler
 .text.HardFault_Handler
                0x00000000080015fa        0x6 ./Core/Src/stm32f1xx_it.o
                0x00000000080015fa                HardFault_Handler
 .text.MemManage_Handler
                0x0000000008001600        0x6 ./Core/Src/stm32f1xx_it.o
                0x0000000008001600                MemManage_Handler
 .text.BusFault_Handler
                0x0000000008001606        0x6 ./Core/Src/stm32f1xx_it.o
                0x0000000008001606                BusFault_Handler
 .text.UsageFault_Handler
                0x000000000800160c        0x6 ./Core/Src/stm32f1xx_it.o
                0x000000000800160c                UsageFault_Handler
 .text.SVC_Handler
                0x0000000008001612        0xc ./Core/Src/stm32f1xx_it.o
                0x0000000008001612                SVC_Handler
 .text.DebugMon_Handler
                0x000000000800161e        0xc ./Core/Src/stm32f1xx_it.o
                0x000000000800161e                DebugMon_Handler
 .text.PendSV_Handler
                0x000000000800162a        0xc ./Core/Src/stm32f1xx_it.o
                0x000000000800162a                PendSV_Handler
 .text.SysTick_Handler
                0x0000000008001636        0xc ./Core/Src/stm32f1xx_it.o
                0x0000000008001636                SysTick_Handler
 *fill*         0x0000000008001642        0x2 
 .text.TIM2_IRQHandler
                0x0000000008001644       0x14 ./Core/Src/stm32f1xx_it.o
                0x0000000008001644                TIM2_IRQHandler
 .text.EXTI15_10_IRQHandler
                0x0000000008001658       0x10 ./Core/Src/stm32f1xx_it.o
                0x0000000008001658                EXTI15_10_IRQHandler
 .text._sbrk    0x0000000008001668       0x6c ./Core/Src/sysmem.o
                0x0000000008001668                _sbrk
 .text.SystemInit
                0x00000000080016d4        0xc ./Core/Src/system_stm32f1xx.o
                0x00000000080016d4                SystemInit
 .text.Reset_Handler
                0x00000000080016e0       0x48 ./Core/Startup/startup_stm32f103rbtx.o
                0x00000000080016e0                Reset_Handler
 .text.Default_Handler
                0x0000000008001728        0x2 ./Core/Startup/startup_stm32f103rbtx.o
                0x0000000008001728                RTC_Alarm_IRQHandler
                0x0000000008001728                EXTI2_IRQHandler
                0x0000000008001728                TIM1_CC_IRQHandler
                0x0000000008001728                PVD_IRQHandler
                0x0000000008001728                EXTI3_IRQHandler
                0x0000000008001728                EXTI0_IRQHandler
                0x0000000008001728                I2C2_EV_IRQHandler
                0x0000000008001728                ADC1_2_IRQHandler
                0x0000000008001728                SPI1_IRQHandler
                0x0000000008001728                TAMPER_IRQHandler
                0x0000000008001728                DMA1_Channel4_IRQHandler
                0x0000000008001728                USART3_IRQHandler
                0x0000000008001728                RTC_IRQHandler
                0x0000000008001728                DMA1_Channel7_IRQHandler
                0x0000000008001728                CAN1_RX1_IRQHandler
                0x0000000008001728                TIM4_IRQHandler
                0x0000000008001728                I2C1_EV_IRQHandler
                0x0000000008001728                DMA1_Channel6_IRQHandler
                0x0000000008001728                TIM3_IRQHandler
                0x0000000008001728                RCC_IRQHandler
                0x0000000008001728                TIM1_TRG_COM_IRQHandler
                0x0000000008001728                DMA1_Channel1_IRQHandler
                0x0000000008001728                Default_Handler
                0x0000000008001728                EXTI9_5_IRQHandler
                0x0000000008001728                SPI2_IRQHandler
                0x0000000008001728                DMA1_Channel5_IRQHandler
                0x0000000008001728                EXTI4_IRQHandler
                0x0000000008001728                USB_LP_CAN1_RX0_IRQHandler
                0x0000000008001728                USB_HP_CAN1_TX_IRQHandler
                0x0000000008001728                DMA1_Channel3_IRQHandler
                0x0000000008001728                TIM1_UP_IRQHandler
                0x0000000008001728                WWDG_IRQHandler
                0x0000000008001728                TIM1_BRK_IRQHandler
                0x0000000008001728                EXTI1_IRQHandler
                0x0000000008001728                USART2_IRQHandler
                0x0000000008001728                I2C2_ER_IRQHandler
                0x0000000008001728                DMA1_Channel2_IRQHandler
                0x0000000008001728                CAN1_SCE_IRQHandler
                0x0000000008001728                FLASH_IRQHandler
                0x0000000008001728                USART1_IRQHandler
                0x0000000008001728                I2C1_ER_IRQHandler
                0x0000000008001728                USBWakeUp_IRQHandler
 *fill*         0x000000000800172a        0x2 
 .text.HAL_Init
                0x000000000800172c       0x2c ./Drivers/STM32F1xx_HAL_Driver/Src/stm32f1xx_hal.o
                0x000000000800172c                HAL_Init
 .text.HAL_InitTick
                0x0000000008001758       0x60 ./Drivers/STM32F1xx_HAL_Driver/Src/stm32f1xx_hal.o
                0x0000000008001758                HAL_InitTick
 .text.HAL_IncTick
                0x00000000080017b8       0x24 ./Drivers/STM32F1xx_HAL_Driver/Src/stm32f1xx_hal.o
                0x00000000080017b8                HAL_IncTick
 .text.HAL_GetTick
                0x00000000080017dc       0x14 ./Drivers/STM32F1xx_HAL_Driver/Src/stm32f1xx_hal.o
                0x00000000080017dc                HAL_GetTick
 .text.HAL_Delay
                0x00000000080017f0       0x48 ./Drivers/STM32F1xx_HAL_Driver/Src/stm32f1xx_hal.o
                0x00000000080017f0                HAL_Delay
 .text.__NVIC_SetPriorityGrouping
                0x0000000008001838       0x48 ./Drivers/STM32F1xx_HAL_Driver/Src/stm32f1xx_hal_cortex.o
 .text.__NVIC_GetPriorityGrouping
                0x0000000008001880       0x1c ./Drivers/STM32F1xx_HAL_Driver/Src/stm32f1xx_hal_cortex.o
 .text.__NVIC_EnableIRQ
                0x000000000800189c       0x38 ./Drivers/STM32F1xx_HAL_Driver/Src/stm32f1xx_hal_cortex.o
 .text.__NVIC_SetPriority
                0x00000000080018d4       0x54 ./Drivers/STM32F1xx_HAL_Driver/Src/stm32f1xx_hal_cortex.o
 .text.NVIC_EncodePriority
                0x0000000008001928       0x64 ./Drivers/STM32F1xx_HAL_Driver/Src/stm32f1xx_hal_cortex.o
 .text.SysTick_Config
                0x000000000800198c       0x44 ./Drivers/STM32F1xx_HAL_Driver/Src/stm32f1xx_hal_cortex.o
 .text.HAL_NVIC_SetPriorityGrouping
                0x00000000080019d0       0x16 ./Drivers/STM32F1xx_HAL_Driver/Src/stm32f1xx_hal_cortex.o
                0x00000000080019d0                HAL_NVIC_SetPriorityGrouping
 .text.HAL_NVIC_SetPriority
                0x00000000080019e6       0x38 ./Drivers/STM32F1xx_HAL_Driver/Src/stm32f1xx_hal_cortex.o
                0x00000000080019e6                HAL_NVIC_SetPriority
 .text.HAL_NVIC_EnableIRQ
                0x0000000008001a1e       0x1c ./Drivers/STM32F1xx_HAL_Driver/Src/stm32f1xx_hal_cortex.o
                0x0000000008001a1e                HAL_NVIC_EnableIRQ
 .text.HAL_SYSTICK_Config
                0x0000000008001a3a       0x18 ./Drivers/STM32F1xx_HAL_Driver/Src/stm32f1xx_hal_cortex.o
                0x0000000008001a3a                HAL_SYSTICK_Config
 *fill*         0x0000000008001a52        0x2 
 .text.HAL_GPIO_Init
                0x0000000008001a54      0x308 ./Drivers/STM32F1xx_HAL_Driver/Src/stm32f1xx_hal_gpio.o
                0x0000000008001a54                HAL_GPIO_Init
 .text.HAL_GPIO_ReadPin
                0x0000000008001d5c       0x2e ./Drivers/STM32F1xx_HAL_Driver/Src/stm32f1xx_hal_gpio.o
                0x0000000008001d5c                HAL_GPIO_ReadPin
 .text.HAL_GPIO_WritePin
                0x0000000008001d8a       0x30 ./Drivers/STM32F1xx_HAL_Driver/Src/stm32f1xx_hal_gpio.o
                0x0000000008001d8a                HAL_GPIO_WritePin
 .text.HAL_GPIO_TogglePin
                0x0000000008001dba       0x32 ./Drivers/STM32F1xx_HAL_Driver/Src/stm32f1xx_hal_gpio.o
                0x0000000008001dba                HAL_GPIO_TogglePin
 .text.HAL_GPIO_EXTI_IRQHandler
                0x0000000008001dec       0x30 ./Drivers/STM32F1xx_HAL_Driver/Src/stm32f1xx_hal_gpio.o
                0x0000000008001dec                HAL_GPIO_EXTI_IRQHandler
 .text.HAL_GPIO_EXTI_Callback
                0x0000000008001e1c       0x14 ./Drivers/STM32F1xx_HAL_Driver/Src/stm32f1xx_hal_gpio.o
                0x0000000008001e1c                HAL_GPIO_EXTI_Callback
 .text.HAL_I2C_Init
                0x0000000008001e30      0x288 ./Drivers/STM32F1xx_HAL_Driver/Src/stm32f1xx_hal_i2c.o
                0x0000000008001e30                HAL_I2C_Init
 .text.HAL_I2C_Master_Transmit
                0x00000000080020b8      0x1fc ./Drivers/STM32F1xx_HAL_Driver/Src/stm32f1xx_hal_i2c.o
                0x00000000080020b8                HAL_I2C_Master_Transmit
 .text.I2C_MasterRequestWrite
                0x00000000080022b4      0x104 ./Drivers/STM32F1xx_HAL_Driver/Src/stm32f1xx_hal_i2c.o
 .text.I2C_WaitOnFlagUntilTimeout
                0x00000000080023b8       0xf4 ./Drivers/STM32F1xx_HAL_Driver/Src/stm32f1xx_hal_i2c.o
 .text.I2C_WaitOnMasterAddressFlagUntilTimeout
                0x00000000080024ac      0x140 ./Drivers/STM32F1xx_HAL_Driver/Src/stm32f1xx_hal_i2c.o
 .text.I2C_WaitOnTXEFlagUntilTimeout
                0x00000000080025ec       0x90 ./Drivers/STM32F1xx_HAL_Driver/Src/stm32f1xx_hal_i2c.o
 .text.I2C_WaitOnBTFFlagUntilTimeout
                0x000000000800267c       0x90 ./Drivers/STM32F1xx_HAL_Driver/Src/stm32f1xx_hal_i2c.o
 .text.I2C_IsAcknowledgeFailed
                0x000000000800270c       0x5c ./Drivers/STM32F1xx_HAL_Driver/Src/stm32f1xx_hal_i2c.o
 .text.HAL_RCC_OscConfig
                0x0000000008002768      0x500 ./Drivers/STM32F1xx_HAL_Driver/Src/stm32f1xx_hal_rcc.o
                0x0000000008002768                HAL_RCC_OscConfig
 .text.HAL_RCC_ClockConfig
                0x0000000008002c68      0x1d4 ./Drivers/STM32F1xx_HAL_Driver/Src/stm32f1xx_hal_rcc.o
                0x0000000008002c68                HAL_RCC_ClockConfig
 .text.HAL_RCC_GetSysClockFreq
                0x0000000008002e3c       0xa8 ./Drivers/STM32F1xx_HAL_Driver/Src/stm32f1xx_hal_rcc.o
                0x0000000008002e3c                HAL_RCC_GetSysClockFreq
 .text.HAL_RCC_GetHCLKFreq
                0x0000000008002ee4       0x14 ./Drivers/STM32F1xx_HAL_Driver/Src/stm32f1xx_hal_rcc.o
                0x0000000008002ee4                HAL_RCC_GetHCLKFreq
 .text.HAL_RCC_GetPCLK1Freq
                0x0000000008002ef8       0x28 ./Drivers/STM32F1xx_HAL_Driver/Src/stm32f1xx_hal_rcc.o
                0x0000000008002ef8                HAL_RCC_GetPCLK1Freq
 .text.HAL_RCC_GetPCLK2Freq
                0x0000000008002f20       0x28 ./Drivers/STM32F1xx_HAL_Driver/Src/stm32f1xx_hal_rcc.o
                0x0000000008002f20                HAL_RCC_GetPCLK2Freq
 .text.RCC_Delay
                0x0000000008002f48       0x3c ./Drivers/STM32F1xx_HAL_Driver/Src/stm32f1xx_hal_rcc.o
 .text.HAL_TIM_Base_Init
                0x0000000008002f84       0x9e ./Drivers/STM32F1xx_HAL_Driver/Src/stm32f1xx_hal_tim.o
                0x0000000008002f84                HAL_TIM_Base_Init
 *fill*         0x0000000008003022        0x2 
 .text.HAL_TIM_Base_Start_IT
                0x0000000008003024       0xa4 ./Drivers/STM32F1xx_HAL_Driver/Src/stm32f1xx_hal_tim.o
                0x0000000008003024                HAL_TIM_Base_Start_IT
 .text.HAL_TIM_IRQHandler
                0x00000000080030c8      0x1e0 ./Drivers/STM32F1xx_HAL_Driver/Src/stm32f1xx_hal_tim.o
                0x00000000080030c8                HAL_TIM_IRQHandler
 .text.HAL_TIM_ConfigClockSource
                0x00000000080032a8      0x18e ./Drivers/STM32F1xx_HAL_Driver/Src/stm32f1xx_hal_tim.o
                0x00000000080032a8                HAL_TIM_ConfigClockSource
 .text.HAL_TIM_OC_DelayElapsedCallback
                0x0000000008003436       0x12 ./Drivers/STM32F1xx_HAL_Driver/Src/stm32f1xx_hal_tim.o
                0x0000000008003436                HAL_TIM_OC_DelayElapsedCallback
 .text.HAL_TIM_IC_CaptureCallback
                0x0000000008003448       0x12 ./Drivers/STM32F1xx_HAL_Driver/Src/stm32f1xx_hal_tim.o
                0x0000000008003448                HAL_TIM_IC_CaptureCallback
 .text.HAL_TIM_PWM_PulseFinishedCallback
                0x000000000800345a       0x12 ./Drivers/STM32F1xx_HAL_Driver/Src/stm32f1xx_hal_tim.o
                0x000000000800345a                HAL_TIM_PWM_PulseFinishedCallback
 .text.HAL_TIM_TriggerCallback
                0x000000000800346c       0x12 ./Drivers/STM32F1xx_HAL_Driver/Src/stm32f1xx_hal_tim.o
                0x000000000800346c                HAL_TIM_TriggerCallback
 *fill*         0x000000000800347e        0x2 
 .text.TIM_Base_SetConfig
                0x0000000008003480       0xdc ./Drivers/STM32F1xx_HAL_Driver/Src/stm32f1xx_hal_tim.o
                0x0000000008003480                TIM_Base_SetConfig
 .text.TIM_TI1_ConfigInputStage
                0x000000000800355c       0x5c ./Drivers/STM32F1xx_HAL_Driver/Src/stm32f1xx_hal_tim.o
 .text.TIM_TI2_ConfigInputStage
                0x00000000080035b8       0x5e ./Drivers/STM32F1xx_HAL_Driver/Src/stm32f1xx_hal_tim.o
 .text.TIM_ITRx_SetConfig
                0x0000000008003616       0x34 ./Drivers/STM32F1xx_HAL_Driver/Src/stm32f1xx_hal_tim.o
 .text.TIM_ETR_SetConfig
                0x000000000800364a       0x3e ./Drivers/STM32F1xx_HAL_Driver/Src/stm32f1xx_hal_tim.o
                0x000000000800364a                TIM_ETR_SetConfig
 .text.HAL_TIMEx_MasterConfigSynchronization
                0x0000000008003688       0xbc ./Drivers/STM32F1xx_HAL_Driver/Src/stm32f1xx_hal_tim_ex.o
                0x0000000008003688                HAL_TIMEx_MasterConfigSynchronization
 .text.HAL_TIMEx_CommutCallback
                0x0000000008003744       0x12 ./Drivers/STM32F1xx_HAL_Driver/Src/stm32f1xx_hal_tim_ex.o
                0x0000000008003744                HAL_TIMEx_CommutCallback
 .text.HAL_TIMEx_BreakCallback
                0x0000000008003756       0x12 ./Drivers/STM32F1xx_HAL_Driver/Src/stm32f1xx_hal_tim_ex.o
                0x0000000008003756                HAL_TIMEx_BreakCallback
 .text.HAL_UART_Init
                0x0000000008003768       0xa0 ./Drivers/STM32F1xx_HAL_Driver/Src/stm32f1xx_hal_uart.o
                0x0000000008003768                HAL_UART_Init
 .text.UART_SetConfig
                0x0000000008003808      0x11c ./Drivers/STM32F1xx_HAL_Driver/Src/stm32f1xx_hal_uart.o
 .text.__errno  0x0000000008003924        0xc c:/st/stm32cubeide_1.7.0/stm32cubeide/plugins/com.st.stm32cube.ide.mcu.externaltools.gnu-tools-for-stm32.9-2020-q2-update.win32_2.0.0.202105311346/tools/bin/../lib/gcc/arm-none-eabi/9.3.1/../../../../arm-none-eabi/lib/thumb/v7-m/nofp\libc_nano.a(lib_a-errno.o)
                0x0000000008003924                __errno
 .text.__libc_init_array
                0x0000000008003930       0x48 c:/st/stm32cubeide_1.7.0/stm32cubeide/plugins/com.st.stm32cube.ide.mcu.externaltools.gnu-tools-for-stm32.9-2020-q2-update.win32_2.0.0.202105311346/tools/bin/../lib/gcc/arm-none-eabi/9.3.1/../../../../arm-none-eabi/lib/thumb/v7-m/nofp\libc_nano.a(lib_a-init.o)
                0x0000000008003930                __libc_init_array
 .text.memset   0x0000000008003978       0x10 c:/st/stm32cubeide_1.7.0/stm32cubeide/plugins/com.st.stm32cube.ide.mcu.externaltools.gnu-tools-for-stm32.9-2020-q2-update.win32_2.0.0.202105311346/tools/bin/../lib/gcc/arm-none-eabi/9.3.1/../../../../arm-none-eabi/lib/thumb/v7-m/nofp\libc_nano.a(lib_a-memset.o)
                0x0000000008003978                memset
 .text.sprintf  0x0000000008003988       0x40 c:/st/stm32cubeide_1.7.0/stm32cubeide/plugins/com.st.stm32cube.ide.mcu.externaltools.gnu-tools-for-stm32.9-2020-q2-update.win32_2.0.0.202105311346/tools/bin/../lib/gcc/arm-none-eabi/9.3.1/../../../../arm-none-eabi/lib/thumb/v7-m/nofp\libc_nano.a(lib_a-sprintf.o)
                0x0000000008003988                siprintf
                0x0000000008003988                sprintf
 .text.__ssputs_r
                0x00000000080039c8       0xb6 c:/st/stm32cubeide_1.7.0/stm32cubeide/plugins/com.st.stm32cube.ide.mcu.externaltools.gnu-tools-for-stm32.9-2020-q2-update.win32_2.0.0.202105311346/tools/bin/../lib/gcc/arm-none-eabi/9.3.1/../../../../arm-none-eabi/lib/thumb/v7-m/nofp\libc_nano.a(lib_a-nano-svfprintf.o)
                0x00000000080039c8                __ssputs_r
 *fill*         0x0000000008003a7e        0x2 
 .text._svfprintf_r
                0x0000000008003a80      0x200 c:/st/stm32cubeide_1.7.0/stm32cubeide/plugins/com.st.stm32cube.ide.mcu.externaltools.gnu-tools-for-stm32.9-2020-q2-update.win32_2.0.0.202105311346/tools/bin/../lib/gcc/arm-none-eabi/9.3.1/../../../../arm-none-eabi/lib/thumb/v7-m/nofp\libc_nano.a(lib_a-nano-svfprintf.o)
                0x0000000008003a80                _svfiprintf_r
                0x0000000008003a80                _svfprintf_r
 .text._printf_common
                0x0000000008003c80       0xde c:/st/stm32cubeide_1.7.0/stm32cubeide/plugins/com.st.stm32cube.ide.mcu.externaltools.gnu-tools-for-stm32.9-2020-q2-update.win32_2.0.0.202105311346/tools/bin/../lib/gcc/arm-none-eabi/9.3.1/../../../../arm-none-eabi/lib/thumb/v7-m/nofp\libc_nano.a(lib_a-nano-vfprintf_i.o)
                0x0000000008003c80                _printf_common
 *fill*         0x0000000008003d5e        0x2 
 .text._printf_i
                0x0000000008003d60      0x24c c:/st/stm32cubeide_1.7.0/stm32cubeide/plugins/com.st.stm32cube.ide.mcu.externaltools.gnu-tools-for-stm32.9-2020-q2-update.win32_2.0.0.202105311346/tools/bin/../lib/gcc/arm-none-eabi/9.3.1/../../../../arm-none-eabi/lib/thumb/v7-m/nofp\libc_nano.a(lib_a-nano-vfprintf_i.o)
                0x0000000008003d60                _printf_i
 .text.memchr   0x0000000008003fac       0x1c c:/st/stm32cubeide_1.7.0/stm32cubeide/plugins/com.st.stm32cube.ide.mcu.externaltools.gnu-tools-for-stm32.9-2020-q2-update.win32_2.0.0.202105311346/tools/bin/../lib/gcc/arm-none-eabi/9.3.1/../../../../arm-none-eabi/lib/thumb/v7-m/nofp\libc_nano.a(lib_a-memchr-stub.o)
                0x0000000008003fac                memchr
 .text.memcpy   0x0000000008003fc8       0x1c c:/st/stm32cubeide_1.7.0/stm32cubeide/plugins/com.st.stm32cube.ide.mcu.externaltools.gnu-tools-for-stm32.9-2020-q2-update.win32_2.0.0.202105311346/tools/bin/../lib/gcc/arm-none-eabi/9.3.1/../../../../arm-none-eabi/lib/thumb/v7-m/nofp\libc_nano.a(lib_a-memcpy-stub.o)
                0x0000000008003fc8                memcpy
 .text.memmove  0x0000000008003fe4       0x34 c:/st/stm32cubeide_1.7.0/stm32cubeide/plugins/com.st.stm32cube.ide.mcu.externaltools.gnu-tools-for-stm32.9-2020-q2-update.win32_2.0.0.202105311346/tools/bin/../lib/gcc/arm-none-eabi/9.3.1/../../../../arm-none-eabi/lib/thumb/v7-m/nofp\libc_nano.a(lib_a-memmove.o)
                0x0000000008003fe4                memmove
 .text._free_r  0x0000000008004018       0x98 c:/st/stm32cubeide_1.7.0/stm32cubeide/plugins/com.st.stm32cube.ide.mcu.externaltools.gnu-tools-for-stm32.9-2020-q2-update.win32_2.0.0.202105311346/tools/bin/../lib/gcc/arm-none-eabi/9.3.1/../../../../arm-none-eabi/lib/thumb/v7-m/nofp\libc_nano.a(lib_a-nano-freer.o)
                0x0000000008004018                _free_r
 .text._malloc_r
                0x00000000080040b0       0xb4 c:/st/stm32cubeide_1.7.0/stm32cubeide/plugins/com.st.stm32cube.ide.mcu.externaltools.gnu-tools-for-stm32.9-2020-q2-update.win32_2.0.0.202105311346/tools/bin/../lib/gcc/arm-none-eabi/9.3.1/../../../../arm-none-eabi/lib/thumb/v7-m/nofp\libc_nano.a(lib_a-nano-mallocr.o)
                0x00000000080040b0                _malloc_r
 .text._realloc_r
                0x0000000008004164       0x4c c:/st/stm32cubeide_1.7.0/stm32cubeide/plugins/com.st.stm32cube.ide.mcu.externaltools.gnu-tools-for-stm32.9-2020-q2-update.win32_2.0.0.202105311346/tools/bin/../lib/gcc/arm-none-eabi/9.3.1/../../../../arm-none-eabi/lib/thumb/v7-m/nofp\libc_nano.a(lib_a-nano-reallocr.o)
                0x0000000008004164                _realloc_r
 .text._sbrk_r  0x00000000080041b0       0x20 c:/st/stm32cubeide_1.7.0/stm32cubeide/plugins/com.st.stm32cube.ide.mcu.externaltools.gnu-tools-for-stm32.9-2020-q2-update.win32_2.0.0.202105311346/tools/bin/../lib/gcc/arm-none-eabi/9.3.1/../../../../arm-none-eabi/lib/thumb/v7-m/nofp\libc_nano.a(lib_a-sbrkr.o)
                0x00000000080041b0                _sbrk_r
 .text.__malloc_lock
                0x00000000080041d0        0xc c:/st/stm32cubeide_1.7.0/stm32cubeide/plugins/com.st.stm32cube.ide.mcu.externaltools.gnu-tools-for-stm32.9-2020-q2-update.win32_2.0.0.202105311346/tools/bin/../lib/gcc/arm-none-eabi/9.3.1/../../../../arm-none-eabi/lib/thumb/v7-m/nofp\libc_nano.a(lib_a-mlock.o)
                0x00000000080041d0                __malloc_lock
 .text.__malloc_unlock
                0x00000000080041dc        0xc c:/st/stm32cubeide_1.7.0/stm32cubeide/plugins/com.st.stm32cube.ide.mcu.externaltools.gnu-tools-for-stm32.9-2020-q2-update.win32_2.0.0.202105311346/tools/bin/../lib/gcc/arm-none-eabi/9.3.1/../../../../arm-none-eabi/lib/thumb/v7-m/nofp\libc_nano.a(lib_a-mlock.o)
                0x00000000080041dc                __malloc_unlock
 .text._malloc_usable_size_r
                0x00000000080041e8       0x10 c:/st/stm32cubeide_1.7.0/stm32cubeide/plugins/com.st.stm32cube.ide.mcu.externaltools.gnu-tools-for-stm32.9-2020-q2-update.win32_2.0.0.202105311346/tools/bin/../lib/gcc/arm-none-eabi/9.3.1/../../../../arm-none-eabi/lib/thumb/v7-m/nofp\libc_nano.a(lib_a-nano-msizer.o)
                0x00000000080041e8                _malloc_usable_size_r
 .text.__retarget_lock_acquire_recursive
                0x00000000080041f8        0x2 c:/st/stm32cubeide_1.7.0/stm32cubeide/plugins/com.st.stm32cube.ide.mcu.externaltools.gnu-tools-for-stm32.9-2020-q2-update.win32_2.0.0.202105311346/tools/bin/../lib/gcc/arm-none-eabi/9.3.1/../../../../arm-none-eabi/lib/thumb/v7-m/nofp\libc_nano.a(lib_a-lock.o)
                0x00000000080041f8                __retarget_lock_acquire_recursive
 .text.__retarget_lock_release_recursive
                0x00000000080041fa        0x2 c:/st/stm32cubeide_1.7.0/stm32cubeide/plugins/com.st.stm32cube.ide.mcu.externaltools.gnu-tools-for-stm32.9-2020-q2-update.win32_2.0.0.202105311346/tools/bin/../lib/gcc/arm-none-eabi/9.3.1/../../../../arm-none-eabi/lib/thumb/v7-m/nofp\libc_nano.a(lib_a-lock.o)
                0x00000000080041fa                __retarget_lock_release_recursive
 *(.glue_7)
 .glue_7        0x00000000080041fc        0x0 linker stubs
 *(.glue_7t)
 .glue_7t       0x00000000080041fc        0x0 linker stubs
 *(.eh_frame)
 .eh_frame      0x00000000080041fc        0x0 c:/st/stm32cubeide_1.7.0/stm32cubeide/plugins/com.st.stm32cube.ide.mcu.externaltools.gnu-tools-for-stm32.9-2020-q2-update.win32_2.0.0.202105311346/tools/bin/../lib/gcc/arm-none-eabi/9.3.1/thumb/v7-m/nofp/crtbegin.o
 *(.init)
 .init          0x00000000080041fc        0x4 c:/st/stm32cubeide_1.7.0/stm32cubeide/plugins/com.st.stm32cube.ide.mcu.externaltools.gnu-tools-for-stm32.9-2020-q2-update.win32_2.0.0.202105311346/tools/bin/../lib/gcc/arm-none-eabi/9.3.1/thumb/v7-m/nofp/crti.o
                0x00000000080041fc                _init
 .init          0x0000000008004200        0x8 c:/st/stm32cubeide_1.7.0/stm32cubeide/plugins/com.st.stm32cube.ide.mcu.externaltools.gnu-tools-for-stm32.9-2020-q2-update.win32_2.0.0.202105311346/tools/bin/../lib/gcc/arm-none-eabi/9.3.1/thumb/v7-m/nofp/crtn.o
 *(.fini)
 .fini          0x0000000008004208        0x4 c:/st/stm32cubeide_1.7.0/stm32cubeide/plugins/com.st.stm32cube.ide.mcu.externaltools.gnu-tools-for-stm32.9-2020-q2-update.win32_2.0.0.202105311346/tools/bin/../lib/gcc/arm-none-eabi/9.3.1/thumb/v7-m/nofp/crti.o
                0x0000000008004208                _fini
 .fini          0x000000000800420c        0x8 c:/st/stm32cubeide_1.7.0/stm32cubeide/plugins/com.st.stm32cube.ide.mcu.externaltools.gnu-tools-for-stm32.9-2020-q2-update.win32_2.0.0.202105311346/tools/bin/../lib/gcc/arm-none-eabi/9.3.1/thumb/v7-m/nofp/crtn.o
                0x0000000008004214                . = ALIGN (0x4)
                0x0000000008004214                _etext = .

.vfp11_veneer   0x0000000008004214        0x0
 .vfp11_veneer  0x0000000008004214        0x0 linker stubs

.v4_bx          0x0000000008004214        0x0
 .v4_bx         0x0000000008004214        0x0 linker stubs

.iplt           0x0000000008004214        0x0
 .iplt          0x0000000008004214        0x0 c:/st/stm32cubeide_1.7.0/stm32cubeide/plugins/com.st.stm32cube.ide.mcu.externaltools.gnu-tools-for-stm32.9-2020-q2-update.win32_2.0.0.202105311346/tools/bin/../lib/gcc/arm-none-eabi/9.3.1/thumb/v7-m/nofp/crtbegin.o

.rodata         0x0000000008004214      0x110
                0x0000000008004214                . = ALIGN (0x4)
 *(.rodata)
 .rodata        0x0000000008004214       0x8d ./Core/Src/LCD.o
 *fill*         0x00000000080042a1        0x3 
 .rodata        0x00000000080042a4       0x20 ./Core/Src/main.o
 *(.rodata*)
 .rodata.AHBPrescTable
                0x00000000080042c4       0x10 ./Core/Src/system_stm32f1xx.o
                0x00000000080042c4                AHBPrescTable
 .rodata.APBPrescTable
                0x00000000080042d4        0x8 ./Core/Src/system_stm32f1xx.o
                0x00000000080042d4                APBPrescTable
 .rodata.aPLLMULFactorTable.6442
                0x00000000080042dc       0x10 ./Drivers/STM32F1xx_HAL_Driver/Src/stm32f1xx_hal_rcc.o
 .rodata.aPredivFactorTable.6443
                0x00000000080042ec        0x2 ./Drivers/STM32F1xx_HAL_Driver/Src/stm32f1xx_hal_rcc.o
 .rodata._svfprintf_r.str1.1
                0x00000000080042ee       0x11 c:/st/stm32cubeide_1.7.0/stm32cubeide/plugins/com.st.stm32cube.ide.mcu.externaltools.gnu-tools-for-stm32.9-2020-q2-update.win32_2.0.0.202105311346/tools/bin/../lib/gcc/arm-none-eabi/9.3.1/../../../../arm-none-eabi/lib/thumb/v7-m/nofp\libc_nano.a(lib_a-nano-svfprintf.o)
 .rodata._printf_i.str1.1
                0x00000000080042ff       0x22 c:/st/stm32cubeide_1.7.0/stm32cubeide/plugins/com.st.stm32cube.ide.mcu.externaltools.gnu-tools-for-stm32.9-2020-q2-update.win32_2.0.0.202105311346/tools/bin/../lib/gcc/arm-none-eabi/9.3.1/../../../../arm-none-eabi/lib/thumb/v7-m/nofp\libc_nano.a(lib_a-nano-vfprintf_i.o)
                0x0000000008004324                . = ALIGN (0x4)
 *fill*         0x0000000008004321        0x3 

.rel.dyn        0x0000000008004324        0x0
 .rel.iplt      0x0000000008004324        0x0 c:/st/stm32cubeide_1.7.0/stm32cubeide/plugins/com.st.stm32cube.ide.mcu.externaltools.gnu-tools-for-stm32.9-2020-q2-update.win32_2.0.0.202105311346/tools/bin/../lib/gcc/arm-none-eabi/9.3.1/thumb/v7-m/nofp/crtbegin.o

.ARM.extab      0x0000000008004324        0x0
                0x0000000008004324                . = ALIGN (0x4)
 *(.ARM.extab* .gnu.linkonce.armextab.*)
                0x0000000008004324                . = ALIGN (0x4)

.ARM            0x0000000008004324        0x0
                0x0000000008004324                . = ALIGN (0x4)
                0x0000000008004324                __exidx_start = .
 *(.ARM.exidx*)
                0x0000000008004324                __exidx_end = .
                0x0000000008004324                . = ALIGN (0x4)

.preinit_array  0x0000000008004324        0x0
                0x0000000008004324                . = ALIGN (0x4)
                0x0000000008004324                PROVIDE (__preinit_array_start = .)
 *(.preinit_array*)
                0x0000000008004324                PROVIDE (__preinit_array_end = .)
                0x0000000008004324                . = ALIGN (0x4)

.init_array     0x0000000008004324        0x4
                0x0000000008004324                . = ALIGN (0x4)
                0x0000000008004324                PROVIDE (__init_array_start = .)
 *(SORT_BY_NAME(.init_array.*))
 *(.init_array*)
 .init_array    0x0000000008004324        0x4 c:/st/stm32cubeide_1.7.0/stm32cubeide/plugins/com.st.stm32cube.ide.mcu.externaltools.gnu-tools-for-stm32.9-2020-q2-update.win32_2.0.0.202105311346/tools/bin/../lib/gcc/arm-none-eabi/9.3.1/thumb/v7-m/nofp/crtbegin.o
                0x0000000008004328                PROVIDE (__init_array_end = .)
                0x0000000008004328                . = ALIGN (0x4)

.fini_array     0x0000000008004328        0x4
                0x0000000008004328                . = ALIGN (0x4)
                [!provide]                        PROVIDE (__fini_array_start = .)
 *(SORT_BY_NAME(.fini_array.*))
 *(.fini_array*)
 .fini_array    0x0000000008004328        0x4 c:/st/stm32cubeide_1.7.0/stm32cubeide/plugins/com.st.stm32cube.ide.mcu.externaltools.gnu-tools-for-stm32.9-2020-q2-update.win32_2.0.0.202105311346/tools/bin/../lib/gcc/arm-none-eabi/9.3.1/thumb/v7-m/nofp/crtbegin.o
                [!provide]                        PROVIDE (__fini_array_end = .)
                0x000000000800432c                . = ALIGN (0x4)
                0x000000000800432c                _sidata = LOADADDR (.data)

.data           0x0000000020000000       0xf4 load address 0x000000000800432c
                0x0000000020000000                . = ALIGN (0x4)
                0x0000000020000000                _sdata = .
 *(.data)
 *(.data*)
 .data.button_state
                0x0000000020000000       0x10 ./Core/Src/BUTTON.o
 .data.key_reg0
                0x0000000020000010       0x10 ./Core/Src/BUTTON.o
 .data.key_reg1
                0x0000000020000020       0x10 ./Core/Src/BUTTON.o
 .data.key_reg2
                0x0000000020000030       0x10 ./Core/Src/BUTTON.o
 .data.BTN_PORT
                0x0000000020000040       0x10 ./Core/Src/BUTTON.o
 .data.BTN_PIN  0x0000000020000050        0x8 ./Core/Src/BUTTON.o
 .data.time_red
                0x0000000020000058        0x4 ./Core/Src/GLOBAL.o
                0x0000000020000058                time_red
 .data.time_green
                0x000000002000005c        0x4 ./Core/Src/GLOBAL.o
                0x000000002000005c                time_green
 .data.time_yellow
                0x0000000020000060        0x4 ./Core/Src/GLOBAL.o
                0x0000000020000060                time_yellow
 .data.lcd_cache
                0x0000000020000064       0x1c ./Core/Src/LCD.o
 .data.count_debug
                0x0000000020000080        0x4 ./Core/Src/main.o
                0x0000000020000080                count_debug
 .data.SystemCoreClock
                0x0000000020000084        0x4 ./Core/Src/system_stm32f1xx.o
                0x0000000020000084                SystemCoreClock
 .data.uwTickPrio
                0x0000000020000088        0x4 ./Drivers/STM32F1xx_HAL_Driver/Src/stm32f1xx_hal.o
                0x0000000020000088                uwTickPrio
 .data.uwTickFreq
                0x000000002000008c        0x1 ./Drivers/STM32F1xx_HAL_Driver/Src/stm32f1xx_hal.o
                0x000000002000008c                uwTickFreq
 *fill*         0x000000002000008d        0x3 
 .data._impure_ptr
                0x0000000020000090        0x4 c:/st/stm32cubeide_1.7.0/stm32cubeide/plugins/com.st.stm32cube.ide.mcu.externaltools.gnu-tools-for-stm32.9-2020-q2-update.win32_2.0.0.202105311346/tools/bin/../lib/gcc/arm-none-eabi/9.3.1/../../../../arm-none-eabi/lib/thumb/v7-m/nofp\libc_nano.a(lib_a-impure.o)
                0x0000000020000090                _impure_ptr
 .data.impure_data
                0x0000000020000094       0x60 c:/st/stm32cubeide_1.7.0/stm32cubeide/plugins/com.st.stm32cube.ide.mcu.externaltools.gnu-tools-for-stm32.9-2020-q2-update.win32_2.0.0.202105311346/tools/bin/../lib/gcc/arm-none-eabi/9.3.1/../../../../arm-none-eabi/lib/thumb/v7-m/nofp\libc_nano.a(lib_a-impure.o)
 *(.RamFunc)
 *(.RamFunc*)
                0x00000000200000f4                . = ALIGN (0x4)
                0x00000000200000f4                _edata = .

.igot.plt       0x00000000200000f4        0x0 load address 0x0000000008004420
 .igot.plt      0x00000000200000f4        0x0 c:/st/stm32cubeide_1.7.0/stm32cubeide/plugins/com.st.stm32cube.ide.mcu.externaltools.gnu-tools-for-stm32.9-2020-q2-update.win32_2.0.0.202105311346/tools/bin/../lib/gcc/arm-none-eabi/9.3.1/thumb/v7-m/nofp/crtbegin.o
                0x00000000200000f4                . = ALIGN (0x4)

.bss            0x00000000200000f4      0x1c4 load address 0x0000000008004420
                0x00000000200000f4                _sbss = .
                0x00000000200000f4                __bss_start__ = _sbss
 *(.bss)
 .bss           0x00000000200000f4       0x1c c:/st/stm32cubeide_1.7.0/stm32cubeide/plugins/com.st.stm32cube.ide.mcu.externaltools.gnu-tools-for-stm32.9-2020-q2-update.win32_2.0.0.202105311346/tools/bin/../lib/gcc/arm-none-eabi/9.3.1/thumb/v7-m/nofp/crtbegin.o
 *(.bss*)
 .bss.counter_for_hold
                0x0000000020000110       0x10 ./Core/Src/BUTTON.o
 .bss.flag_btn_press
                0x0000000020000120        0x4 ./Core/Src/BUTTON.o
 .bss.flag_btn_hold_1s
                0x0000000020000124        0x4 ./Core/Src/BUTTON.o
 .bss.flag_btn_hold_fast_tick
                0x0000000020000128        0x4 ./Core/Src/BUTTON.o
 .bss.mode_manual_phase
                0x000000002000012c        0x4 ./Core/Src/FSM_MANUAL.o
                0x000000002000012c                mode_manual_phase
 .bss.temp_value
                0x0000000020000130        0x4 ./Core/Src/FSM_MANUAL.o
                0x0000000020000130                temp_value
 .bss.is_initialized
                0x0000000020000134        0x4 ./Core/Src/FSM_MANUAL.o
                0x0000000020000134                is_initialized
 .bss.blink.7449
                0x0000000020000138        0x4 ./Core/Src/FSM_MANUAL.o
 .bss.STATUS    0x000000002000013c        0x4 ./Core/Src/GLOBAL.o
                0x000000002000013c                STATUS
 .bss.blink_state
                0x0000000020000140        0x4 ./Core/Src/GLOBAL.o
                0x0000000020000140                blink_state
 .bss.remaining_time_road1
                0x0000000020000144        0x4 ./Core/Src/GLOBAL.o
                0x0000000020000144                remaining_time_road1
 .bss.remaining_time_road2
                0x0000000020000148        0x4 ./Core/Src/GLOBAL.o
                0x0000000020000148                remaining_time_road2
 .bss.fsm_auto_state
                0x000000002000014c        0x4 ./Core/Src/GLOBAL.o
                0x000000002000014c                fsm_auto_state
 .bss.lcd_buffer
                0x0000000020000150       0x14 ./Core/Src/LCD.o
 .bss.__sbrk_heap_end
                0x0000000020000164        0x4 ./Core/Src/sysmem.o
 .bss.__malloc_free_list
                0x0000000020000168        0x4 c:/st/stm32cubeide_1.7.0/stm32cubeide/plugins/com.st.stm32cube.ide.mcu.externaltools.gnu-tools-for-stm32.9-2020-q2-update.win32_2.0.0.202105311346/tools/bin/../lib/gcc/arm-none-eabi/9.3.1/../../../../arm-none-eabi/lib/thumb/v7-m/nofp\libc_nano.a(lib_a-nano-mallocr.o)
                0x0000000020000168                __malloc_free_list
 .bss.__malloc_sbrk_start
                0x000000002000016c        0x4 c:/st/stm32cubeide_1.7.0/stm32cubeide/plugins/com.st.stm32cube.ide.mcu.externaltools.gnu-tools-for-stm32.9-2020-q2-update.win32_2.0.0.202105311346/tools/bin/../lib/gcc/arm-none-eabi/9.3.1/../../../../arm-none-eabi/lib/thumb/v7-m/nofp\libc_nano.a(lib_a-nano-mallocr.o)
                0x000000002000016c                __malloc_sbrk_start
 *(COMMON)
 COMMON         0x0000000020000170       0x50 ./Core/Src/SOFTWARE_TIMER.o
                0x0000000020000170                timer_counter
                0x0000000020000198                timer_flag
 COMMON         0x00000000200001c0       0xe4 ./Core/Src/main.o
                0x00000000200001c0                hi2c1
                0x0000000020000214                htim2
                0x000000002000025c                huart2
 COMMON         0x00000000200002a4        0x4 ./Drivers/STM32F1xx_HAL_Driver/Src/stm32f1xx_hal.o
                0x00000000200002a4                uwTick
 COMMON         0x00000000200002a8        0x4 c:/st/stm32cubeide_1.7.0/stm32cubeide/plugins/com.st.stm32cube.ide.mcu.externaltools.gnu-tools-for-stm32.9-2020-q2-update.win32_2.0.0.202105311346/tools/bin/../lib/gcc/arm-none-eabi/9.3.1/../../../../arm-none-eabi/lib/thumb/v7-m/nofp\libc_nano.a(lib_a-reent.o)
                0x00000000200002a8                errno
 COMMON         0x00000000200002ac        0x9 c:/st/stm32cubeide_1.7.0/stm32cubeide/plugins/com.st.stm32cube.ide.mcu.externaltools.gnu-tools-for-stm32.9-2020-q2-update.win32_2.0.0.202105311346/tools/bin/../lib/gcc/arm-none-eabi/9.3.1/../../../../arm-none-eabi/lib/thumb/v7-m/nofp\libc_nano.a(lib_a-lock.o)
                0x00000000200002ac                __lock___atexit_recursive_mutex
                0x00000000200002ad                __lock___arc4random_mutex
                0x00000000200002ae                __lock___env_recursive_mutex
                0x00000000200002af                __lock___sinit_recursive_mutex
                0x00000000200002b0                __lock___malloc_recursive_mutex
                0x00000000200002b1                __lock___at_quick_exit_mutex
                0x00000000200002b2                __lock___dd_hash_mutex
                0x00000000200002b3                __lock___tz_mutex
                0x00000000200002b4                __lock___sfp_recursive_mutex
                0x00000000200002b8                . = ALIGN (0x4)
 *fill*         0x00000000200002b5        0x3 
                0x00000000200002b8                _ebss = .
                0x00000000200002b8                __bss_end__ = _ebss

._user_heap_stack
                0x00000000200002b8      0x600 load address 0x0000000008004420
                0x00000000200002b8                . = ALIGN (0x8)
                [!provide]                        PROVIDE (end = .)
                0x00000000200002b8                PROVIDE (_end = .)
                0x00000000200004b8                . = (. + _Min_Heap_Size)
 *fill*         0x00000000200002b8      0x200 
                0x00000000200008b8                . = (. + _Min_Stack_Size)
 *fill*         0x00000000200004b8      0x400 
                0x00000000200008b8                . = ALIGN (0x8)

/DISCARD/
 libc.a(*)
 libm.a(*)
 libgcc.a(*)

.ARM.attributes
                0x0000000000000000       0x29
 *(.ARM.attributes)
 .ARM.attributes
                0x0000000000000000       0x1d c:/st/stm32cubeide_1.7.0/stm32cubeide/plugins/com.st.stm32cube.ide.mcu.externaltools.gnu-tools-for-stm32.9-2020-q2-update.win32_2.0.0.202105311346/tools/bin/../lib/gcc/arm-none-eabi/9.3.1/thumb/v7-m/nofp/crti.o
 .ARM.attributes
                0x000000000000001d       0x2d c:/st/stm32cubeide_1.7.0/stm32cubeide/plugins/com.st.stm32cube.ide.mcu.externaltools.gnu-tools-for-stm32.9-2020-q2-update.win32_2.0.0.202105311346/tools/bin/../lib/gcc/arm-none-eabi/9.3.1/thumb/v7-m/nofp/crtbegin.o
 .ARM.attributes
                0x000000000000004a       0x2d ./Core/Src/BUTTON.o
 .ARM.attributes
                0x0000000000000077       0x2d ./Core/Src/FSM_AUTO.o
 .ARM.attributes
                0x00000000000000a4       0x2d ./Core/Src/FSM_ERROR.o
 .ARM.attributes
                0x00000000000000d1       0x2d ./Core/Src/FSM_INIT.o
 .ARM.attributes
                0x00000000000000fe       0x2d ./Core/Src/FSM_MANUAL.o
 .ARM.attributes
                0x000000000000012b       0x33 ./Core/Src/GLOBAL.o
 .ARM.attributes
                0x000000000000015e       0x2d ./Core/Src/LCD.o
 .ARM.attributes
                0x000000000000018b       0x2d ./Core/Src/SOFTWARE_TIMER.o
 .ARM.attributes
                0x00000000000001b8       0x2d ./Core/Src/STATUS_LIGHT.o
 .ARM.attributes
                0x00000000000001e5       0x2d ./Core/Src/main.o
 .ARM.attributes
                0x0000000000000212       0x2d ./Core/Src/stm32f1xx_hal_msp.o
 .ARM.attributes
                0x000000000000023f       0x2d ./Core/Src/stm32f1xx_it.o
 .ARM.attributes
                0x000000000000026c       0x2d ./Core/Src/sysmem.o
 .ARM.attributes
                0x0000000000000299       0x2d ./Core/Src/system_stm32f1xx.o
 .ARM.attributes
                0x00000000000002c6       0x21 ./Core/Startup/startup_stm32f103rbtx.o
 .ARM.attributes
                0x00000000000002e7       0x2d ./Drivers/STM32F1xx_HAL_Driver/Src/stm32f1xx_hal.o
 .ARM.attributes
                0x0000000000000314       0x2d ./Drivers/STM32F1xx_HAL_Driver/Src/stm32f1xx_hal_cortex.o
 .ARM.attributes
                0x0000000000000341       0x2d ./Drivers/STM32F1xx_HAL_Driver/Src/stm32f1xx_hal_gpio.o
 .ARM.attributes
                0x000000000000036e       0x2d ./Drivers/STM32F1xx_HAL_Driver/Src/stm32f1xx_hal_i2c.o
 .ARM.attributes
                0x000000000000039b       0x2d ./Drivers/STM32F1xx_HAL_Driver/Src/stm32f1xx_hal_rcc.o
 .ARM.attributes
                0x00000000000003c8       0x2d ./Drivers/STM32F1xx_HAL_Driver/Src/stm32f1xx_hal_tim.o
 .ARM.attributes
                0x00000000000003f5       0x2d ./Drivers/STM32F1xx_HAL_Driver/Src/stm32f1xx_hal_tim_ex.o
 .ARM.attributes
                0x0000000000000422       0x2d ./Drivers/STM32F1xx_HAL_Driver/Src/stm32f1xx_hal_uart.o
 .ARM.attributes
                0x000000000000044f       0x2d c:/st/stm32cubeide_1.7.0/stm32cubeide/plugins/com.st.stm32cube.ide.mcu.externaltools.gnu-tools-for-stm32.9-2020-q2-update.win32_2.0.0.202105311346/tools/bin/../lib/gcc/arm-none-eabi/9.3.1/../../../../arm-none-eabi/lib/thumb/v7-m/nofp\libc_nano.a(lib_a-errno.o)
 .ARM.attributes
                0x000000000000047c       0x2d c:/st/stm32cubeide_1.7.0/stm32cubeide/plugins/com.st.stm32cube.ide.mcu.externaltools.gnu-tools-for-stm32.9-2020-q2-update.win32_2.0.0.202105311346/tools/bin/../lib/gcc/arm-none-eabi/9.3.1/../../../../arm-none-eabi/lib/thumb/v7-m/nofp\libc_nano.a(lib_a-impure.o)
 .ARM.attributes
                0x00000000000004a9       0x2d c:/st/stm32cubeide_1.7.0/stm32cubeide/plugins/com.st.stm32cube.ide.mcu.externaltools.gnu-tools-for-stm32.9-2020-q2-update.win32_2.0.0.202105311346/tools/bin/../lib/gcc/arm-none-eabi/9.3.1/../../../../arm-none-eabi/lib/thumb/v7-m/nofp\libc_nano.a(lib_a-init.o)
 .ARM.attributes
                0x00000000000004d6       0x2d c:/st/stm32cubeide_1.7.0/stm32cubeide/plugins/com.st.stm32cube.ide.mcu.externaltools.gnu-tools-for-stm32.9-2020-q2-update.win32_2.0.0.202105311346/tools/bin/../lib/gcc/arm-none-eabi/9.3.1/../../../../arm-none-eabi/lib/thumb/v7-m/nofp\libc_nano.a(lib_a-memset.o)
 .ARM.attributes
                0x0000000000000503       0x2d c:/st/stm32cubeide_1.7.0/stm32cubeide/plugins/com.st.stm32cube.ide.mcu.externaltools.gnu-tools-for-stm32.9-2020-q2-update.win32_2.0.0.202105311346/tools/bin/../lib/gcc/arm-none-eabi/9.3.1/../../../../arm-none-eabi/lib/thumb/v7-m/nofp\libc_nano.a(lib_a-sprintf.o)
 .ARM.attributes
                0x0000000000000530       0x2d c:/st/stm32cubeide_1.7.0/stm32cubeide/plugins/com.st.stm32cube.ide.mcu.externaltools.gnu-tools-for-stm32.9-2020-q2-update.win32_2.0.0.202105311346/tools/bin/../lib/gcc/arm-none-eabi/9.3.1/../../../../arm-none-eabi/lib/thumb/v7-m/nofp\libc_nano.a(lib_a-nano-svfprintf.o)
 .ARM.attributes
                0x000000000000055d       0x2d c:/st/stm32cubeide_1.7.0/stm32cubeide/plugins/com.st.stm32cube.ide.mcu.externaltools.gnu-tools-for-stm32.9-2020-q2-update.win32_2.0.0.202105311346/tools/bin/../lib/gcc/arm-none-eabi/9.3.1/../../../../arm-none-eabi/lib/thumb/v7-m/nofp\libc_nano.a(lib_a-nano-vfprintf_i.o)
 .ARM.attributes
                0x000000000000058a       0x2d c:/st/stm32cubeide_1.7.0/stm32cubeide/plugins/com.st.stm32cube.ide.mcu.externaltools.gnu-tools-for-stm32.9-2020-q2-update.win32_2.0.0.202105311346/tools/bin/../lib/gcc/arm-none-eabi/9.3.1/../../../../arm-none-eabi/lib/thumb/v7-m/nofp\libc_nano.a(lib_a-memchr-stub.o)
 .ARM.attributes
                0x00000000000005b7       0x2d c:/st/stm32cubeide_1.7.0/stm32cubeide/plugins/com.st.stm32cube.ide.mcu.externaltools.gnu-tools-for-stm32.9-2020-q2-update.win32_2.0.0.202105311346/tools/bin/../lib/gcc/arm-none-eabi/9.3.1/../../../../arm-none-eabi/lib/thumb/v7-m/nofp\libc_nano.a(lib_a-memcpy-stub.o)
 .ARM.attributes
                0x00000000000005e4       0x2d c:/st/stm32cubeide_1.7.0/stm32cubeide/plugins/com.st.stm32cube.ide.mcu.externaltools.gnu-tools-for-stm32.9-2020-q2-update.win32_2.0.0.202105311346/tools/bin/../lib/gcc/arm-none-eabi/9.3.1/../../../../arm-none-eabi/lib/thumb/v7-m/nofp\libc_nano.a(lib_a-memmove.o)
 .ARM.attributes
                0x0000000000000611       0x2d c:/st/stm32cubeide_1.7.0/stm32cubeide/plugins/com.st.stm32cube.ide.mcu.externaltools.gnu-tools-for-stm32.9-2020-q2-update.win32_2.0.0.202105311346/tools/bin/../lib/gcc/arm-none-eabi/9.3.1/../../../../arm-none-eabi/lib/thumb/v7-m/nofp\libc_nano.a(lib_a-nano-freer.o)
 .ARM.attributes
                0x000000000000063e       0x2d c:/st/stm32cubeide_1.7.0/stm32cubeide/plugins/com.st.stm32cube.ide.mcu.externaltools.gnu-tools-for-stm32.9-2020-q2-update.win32_2.0.0.202105311346/tools/bin/../lib/gcc/arm-none-eabi/9.3.1/../../../../arm-none-eabi/lib/thumb/v7-m/nofp\libc_nano.a(lib_a-nano-mallocr.o)
 .ARM.attributes
                0x000000000000066b       0x2d c:/st/stm32cubeide_1.7.0/stm32cubeide/plugins/com.st.stm32cube.ide.mcu.externaltools.gnu-tools-for-stm32.9-2020-q2-update.win32_2.0.0.202105311346/tools/bin/../lib/gcc/arm-none-eabi/9.3.1/../../../../arm-none-eabi/lib/thumb/v7-m/nofp\libc_nano.a(lib_a-nano-reallocr.o)
 .ARM.attributes
                0x0000000000000698       0x2d c:/st/stm32cubeide_1.7.0/stm32cubeide/plugins/com.st.stm32cube.ide.mcu.externaltools.gnu-tools-for-stm32.9-2020-q2-update.win32_2.0.0.202105311346/tools/bin/../lib/gcc/arm-none-eabi/9.3.1/../../../../arm-none-eabi/lib/thumb/v7-m/nofp\libc_nano.a(lib_a-sbrkr.o)
 .ARM.attributes
                0x00000000000006c5       0x2d c:/st/stm32cubeide_1.7.0/stm32cubeide/plugins/com.st.stm32cube.ide.mcu.externaltools.gnu-tools-for-stm32.9-2020-q2-update.win32_2.0.0.202105311346/tools/bin/../lib/gcc/arm-none-eabi/9.3.1/../../../../arm-none-eabi/lib/thumb/v7-m/nofp\libc_nano.a(lib_a-mlock.o)
 .ARM.attributes
                0x00000000000006f2       0x2d c:/st/stm32cubeide_1.7.0/stm32cubeide/plugins/com.st.stm32cube.ide.mcu.externaltools.gnu-tools-for-stm32.9-2020-q2-update.win32_2.0.0.202105311346/tools/bin/../lib/gcc/arm-none-eabi/9.3.1/../../../../arm-none-eabi/lib/thumb/v7-m/nofp\libc_nano.a(lib_a-nano-msizer.o)
 .ARM.attributes
                0x000000000000071f       0x2d c:/st/stm32cubeide_1.7.0/stm32cubeide/plugins/com.st.stm32cube.ide.mcu.externaltools.gnu-tools-for-stm32.9-2020-q2-update.win32_2.0.0.202105311346/tools/bin/../lib/gcc/arm-none-eabi/9.3.1/../../../../arm-none-eabi/lib/thumb/v7-m/nofp\libc_nano.a(lib_a-reent.o)
 .ARM.attributes
                0x000000000000074c       0x2d c:/st/stm32cubeide_1.7.0/stm32cubeide/plugins/com.st.stm32cube.ide.mcu.externaltools.gnu-tools-for-stm32.9-2020-q2-update.win32_2.0.0.202105311346/tools/bin/../lib/gcc/arm-none-eabi/9.3.1/../../../../arm-none-eabi/lib/thumb/v7-m/nofp\libc_nano.a(lib_a-lock.o)
 .ARM.attributes
                0x0000000000000779       0x1d c:/st/stm32cubeide_1.7.0/stm32cubeide/plugins/com.st.stm32cube.ide.mcu.externaltools.gnu-tools-for-stm32.9-2020-q2-update.win32_2.0.0.202105311346/tools/bin/../lib/gcc/arm-none-eabi/9.3.1/thumb/v7-m/nofp/crtn.o
OUTPUT(TrafficLight_Project2.elf elf32-littlearm)
LOAD linker stubs
LOAD c:/st/stm32cubeide_1.7.0/stm32cubeide/plugins/com.st.stm32cube.ide.mcu.externaltools.gnu-tools-for-stm32.9-2020-q2-update.win32_2.0.0.202105311346/tools/bin/../lib/gcc/arm-none-eabi/9.3.1/../../../../arm-none-eabi/lib/thumb/v7-m/nofp\libc.a
LOAD c:/st/stm32cubeide_1.7.0/stm32cubeide/plugins/com.st.stm32cube.ide.mcu.externaltools.gnu-tools-for-stm32.9-2020-q2-update.win32_2.0.0.202105311346/tools/bin/../lib/gcc/arm-none-eabi/9.3.1/../../../../arm-none-eabi/lib/thumb/v7-m/nofp\libm.a
LOAD c:/st/stm32cubeide_1.7.0/stm32cubeide/plugins/com.st.stm32cube.ide.mcu.externaltools.gnu-tools-for-stm32.9-2020-q2-update.win32_2.0.0.202105311346/tools/bin/../lib/gcc/arm-none-eabi/9.3.1/thumb/v7-m/nofp\libgcc.a

.debug_info     0x0000000000000000    0x16bf5
 .debug_info    0x0000000000000000      0xd23 ./Core/Src/BUTTON.o
 .debug_info    0x0000000000000d23      0xabc ./Core/Src/FSM_AUTO.o
 .debug_info    0x00000000000017df      0xabc ./Core/Src/FSM_ERROR.o
 .debug_info    0x000000000000229b      0xabc ./Core/Src/FSM_INIT.o
 .debug_info    0x0000000000002d57      0xb0b ./Core/Src/FSM_MANUAL.o
 .debug_info    0x0000000000003862      0xb12 ./Core/Src/GLOBAL.o
 .debug_info    0x0000000000004374     0x12a2 ./Core/Src/LCD.o
 .debug_info    0x0000000000005616      0xb53 ./Core/Src/SOFTWARE_TIMER.o
 .debug_info    0x0000000000006169      0xbc5 ./Core/Src/STATUS_LIGHT.o
 .debug_info    0x0000000000006d2e     0x1b0a ./Core/Src/main.o
 .debug_info    0x0000000000008838     0x1150 ./Core/Src/stm32f1xx_hal_msp.o
 .debug_info    0x0000000000009988      0x7e3 ./Core/Src/stm32f1xx_it.o
 .debug_info    0x000000000000a16b      0xa25 ./Core/Src/sysmem.o
 .debug_info    0x000000000000ab90      0x2be ./Core/Src/system_stm32f1xx.o
 .debug_info    0x000000000000ae4e       0x22 ./Core/Startup/startup_stm32f103rbtx.o
 .debug_info    0x000000000000ae70      0x76a ./Drivers/STM32F1xx_HAL_Driver/Src/stm32f1xx_hal.o
 .debug_info    0x000000000000b5da      0xbdc ./Drivers/STM32F1xx_HAL_Driver/Src/stm32f1xx_hal_cortex.o
 .debug_info    0x000000000000c1b6      0x701 ./Drivers/STM32F1xx_HAL_Driver/Src/stm32f1xx_hal_gpio.o
 .debug_info    0x000000000000c8b7     0x27cb ./Drivers/STM32F1xx_HAL_Driver/Src/stm32f1xx_hal_i2c.o
 .debug_info    0x000000000000f082      0x893 ./Drivers/STM32F1xx_HAL_Driver/Src/stm32f1xx_hal_rcc.o
 .debug_info    0x000000000000f915     0x2c32 ./Drivers/STM32F1xx_HAL_Driver/Src/stm32f1xx_hal_tim.o
 .debug_info    0x0000000000012547     0x157f ./Drivers/STM32F1xx_HAL_Driver/Src/stm32f1xx_hal_tim_ex.o
 .debug_info    0x0000000000013ac6     0x312f ./Drivers/STM32F1xx_HAL_Driver/Src/stm32f1xx_hal_uart.o

.debug_abbrev   0x0000000000000000     0x2ebb
 .debug_abbrev  0x0000000000000000      0x23c ./Core/Src/BUTTON.o
 .debug_abbrev  0x000000000000023c      0x1b7 ./Core/Src/FSM_AUTO.o
 .debug_abbrev  0x00000000000003f3      0x1b7 ./Core/Src/FSM_ERROR.o
 .debug_abbrev  0x00000000000005aa      0x1b7 ./Core/Src/FSM_INIT.o
 .debug_abbrev  0x0000000000000761      0x1f3 ./Core/Src/FSM_MANUAL.o
 .debug_abbrev  0x0000000000000954      0x1a8 ./Core/Src/GLOBAL.o
 .debug_abbrev  0x0000000000000afc      0x297 ./Core/Src/LCD.o
 .debug_abbrev  0x0000000000000d93      0x23c ./Core/Src/SOFTWARE_TIMER.o
 .debug_abbrev  0x0000000000000fcf      0x1f3 ./Core/Src/STATUS_LIGHT.o
 .debug_abbrev  0x00000000000011c2      0x30a ./Core/Src/main.o
 .debug_abbrev  0x00000000000014cc      0x1c8 ./Core/Src/stm32f1xx_hal_msp.o
 .debug_abbrev  0x0000000000001694      0x176 ./Core/Src/stm32f1xx_it.o
 .debug_abbrev  0x000000000000180a      0x1bf ./Core/Src/sysmem.o
 .debug_abbrev  0x00000000000019c9      0x14e ./Core/Src/system_stm32f1xx.o
 .debug_abbrev  0x0000000000001b17       0x12 ./Core/Startup/startup_stm32f103rbtx.o
 .debug_abbrev  0x0000000000001b29      0x1ed ./Drivers/STM32F1xx_HAL_Driver/Src/stm32f1xx_hal.o
 .debug_abbrev  0x0000000000001d16      0x313 ./Drivers/STM32F1xx_HAL_Driver/Src/stm32f1xx_hal_cortex.o
 .debug_abbrev  0x0000000000002029      0x1e8 ./Drivers/STM32F1xx_HAL_Driver/Src/stm32f1xx_hal_gpio.o
 .debug_abbrev  0x0000000000002211      0x288 ./Drivers/STM32F1xx_HAL_Driver/Src/stm32f1xx_hal_i2c.o
 .debug_abbrev  0x0000000000002499      0x273 ./Drivers/STM32F1xx_HAL_Driver/Src/stm32f1xx_hal_rcc.o
 .debug_abbrev  0x000000000000270c      0x25e ./Drivers/STM32F1xx_HAL_Driver/Src/stm32f1xx_hal_tim.o
 .debug_abbrev  0x000000000000296a      0x266 ./Drivers/STM32F1xx_HAL_Driver/Src/stm32f1xx_hal_tim_ex.o
 .debug_abbrev  0x0000000000002bd0      0x2eb ./Drivers/STM32F1xx_HAL_Driver/Src/stm32f1xx_hal_uart.o

.debug_aranges  0x0000000000000000      0xfe8
 .debug_aranges
                0x0000000000000000       0x40 ./Core/Src/BUTTON.o
 .debug_aranges
                0x0000000000000040       0x20 ./Core/Src/FSM_AUTO.o
 .debug_aranges
                0x0000000000000060       0x20 ./Core/Src/FSM_ERROR.o
 .debug_aranges
                0x0000000000000080       0x20 ./Core/Src/FSM_INIT.o
 .debug_aranges
                0x00000000000000a0       0x20 ./Core/Src/FSM_MANUAL.o
 .debug_aranges
                0x00000000000000c0       0x18 ./Core/Src/GLOBAL.o
 .debug_aranges
                0x00000000000000d8       0x78 ./Core/Src/LCD.o
 .debug_aranges
                0x0000000000000150       0x30 ./Core/Src/SOFTWARE_TIMER.o
 .debug_aranges
                0x0000000000000180       0x30 ./Core/Src/STATUS_LIGHT.o
 .debug_aranges
                0x00000000000001b0       0x58 ./Core/Src/main.o
 .debug_aranges
                0x0000000000000208       0x50 ./Core/Src/stm32f1xx_hal_msp.o
 .debug_aranges
                0x0000000000000258       0x70 ./Core/Src/stm32f1xx_it.o
 .debug_aranges
                0x00000000000002c8       0x20 ./Core/Src/sysmem.o
 .debug_aranges
                0x00000000000002e8       0x28 ./Core/Src/system_stm32f1xx.o
 .debug_aranges
                0x0000000000000310       0x28 ./Core/Startup/startup_stm32f103rbtx.o
 .debug_aranges
                0x0000000000000338       0xe0 ./Drivers/STM32F1xx_HAL_Driver/Src/stm32f1xx_hal.o
 .debug_aranges
                0x0000000000000418      0x100 ./Drivers/STM32F1xx_HAL_Driver/Src/stm32f1xx_hal_cortex.o
 .debug_aranges
                0x0000000000000518       0x58 ./Drivers/STM32F1xx_HAL_Driver/Src/stm32f1xx_hal_gpio.o
 .debug_aranges
                0x0000000000000570      0x2a8 ./Drivers/STM32F1xx_HAL_Driver/Src/stm32f1xx_hal_i2c.o
 .debug_aranges
                0x0000000000000818       0x90 ./Drivers/STM32F1xx_HAL_Driver/Src/stm32f1xx_hal_rcc.o
 .debug_aranges
                0x00000000000008a8      0x3d0 ./Drivers/STM32F1xx_HAL_Driver/Src/stm32f1xx_hal_tim.o
 .debug_aranges
                0x0000000000000c78      0x168 ./Drivers/STM32F1xx_HAL_Driver/Src/stm32f1xx_hal_tim_ex.o
 .debug_aranges
                0x0000000000000de0      0x208 ./Drivers/STM32F1xx_HAL_Driver/Src/stm32f1xx_hal_uart.o

.debug_ranges   0x0000000000000000      0xec0
 .debug_ranges  0x0000000000000000       0x30 ./Core/Src/BUTTON.o
 .debug_ranges  0x0000000000000030       0x10 ./Core/Src/FSM_AUTO.o
 .debug_ranges  0x0000000000000040       0x10 ./Core/Src/FSM_ERROR.o
 .debug_ranges  0x0000000000000050       0x10 ./Core/Src/FSM_INIT.o
 .debug_ranges  0x0000000000000060       0x10 ./Core/Src/FSM_MANUAL.o
 .debug_ranges  0x0000000000000070       0x68 ./Core/Src/LCD.o
 .debug_ranges  0x00000000000000d8       0x20 ./Core/Src/SOFTWARE_TIMER.o
 .debug_ranges  0x00000000000000f8       0x20 ./Core/Src/STATUS_LIGHT.o
 .debug_ranges  0x0000000000000118       0x48 ./Core/Src/main.o
 .debug_ranges  0x0000000000000160       0x40 ./Core/Src/stm32f1xx_hal_msp.o
 .debug_ranges  0x00000000000001a0       0x60 ./Core/Src/stm32f1xx_it.o
 .debug_ranges  0x0000000000000200       0x10 ./Core/Src/sysmem.o
 .debug_ranges  0x0000000000000210       0x18 ./Core/Src/system_stm32f1xx.o
 .debug_ranges  0x0000000000000228       0x20 ./Core/Startup/startup_stm32f103rbtx.o
 .debug_ranges  0x0000000000000248       0xd0 ./Drivers/STM32F1xx_HAL_Driver/Src/stm32f1xx_hal.o
 .debug_ranges  0x0000000000000318       0xf0 ./Drivers/STM32F1xx_HAL_Driver/Src/stm32f1xx_hal_cortex.o
 .debug_ranges  0x0000000000000408       0x48 ./Drivers/STM32F1xx_HAL_Driver/Src/stm32f1xx_hal_gpio.o
 .debug_ranges  0x0000000000000450      0x2b0 ./Drivers/STM32F1xx_HAL_Driver/Src/stm32f1xx_hal_i2c.o
 .debug_ranges  0x0000000000000700       0x80 ./Drivers/STM32F1xx_HAL_Driver/Src/stm32f1xx_hal_rcc.o
 .debug_ranges  0x0000000000000780      0x3c0 ./Drivers/STM32F1xx_HAL_Driver/Src/stm32f1xx_hal_tim.o
 .debug_ranges  0x0000000000000b40      0x158 ./Drivers/STM32F1xx_HAL_Driver/Src/stm32f1xx_hal_tim_ex.o
 .debug_ranges  0x0000000000000c98      0x228 ./Drivers/STM32F1xx_HAL_Driver/Src/stm32f1xx_hal_uart.o

.debug_macro    0x0000000000000000    0x1a06c
 .debug_macro   0x0000000000000000      0x39d ./Core/Src/BUTTON.o
 .debug_macro   0x000000000000039d      0xa9c ./Core/Src/BUTTON.o
 .debug_macro   0x0000000000000e39      0x221 ./Core/Src/BUTTON.o
 .debug_macro   0x000000000000105a       0x2e ./Core/Src/BUTTON.o
 .debug_macro   0x0000000000001088       0x22 ./Core/Src/BUTTON.o
 .debug_macro   0x00000000000010aa       0x22 ./Core/Src/BUTTON.o
 .debug_macro   0x00000000000010cc       0x8e ./Core/Src/BUTTON.o
 .debug_macro   0x000000000000115a       0x51 ./Core/Src/BUTTON.o
 .debug_macro   0x00000000000011ab      0x103 ./Core/Src/BUTTON.o
 .debug_macro   0x00000000000012ae       0x6a ./Core/Src/BUTTON.o
 .debug_macro   0x0000000000001318      0x1df ./Core/Src/BUTTON.o
 .debug_macro   0x00000000000014f7       0x1c ./Core/Src/BUTTON.o
 .debug_macro   0x0000000000001513       0x22 ./Core/Src/BUTTON.o
 .debug_macro   0x0000000000001535       0xc3 ./Core/Src/BUTTON.o
 .debug_macro   0x00000000000015f8      0xd23 ./Core/Src/BUTTON.o
 .debug_macro   0x000000000000231b     0xe09e ./Core/Src/BUTTON.o
 .debug_macro   0x00000000000103b9       0x6d ./Core/Src/BUTTON.o
 .debug_macro   0x0000000000010426     0x34a2 ./Core/Src/BUTTON.o
 .debug_macro   0x00000000000138c8      0x174 ./Core/Src/BUTTON.o
 .debug_macro   0x0000000000013a3c       0x5c ./Core/Src/BUTTON.o
 .debug_macro   0x0000000000013a98      0x5bc ./Core/Src/BUTTON.o
 .debug_macro   0x0000000000014054      0x289 ./Core/Src/BUTTON.o
 .debug_macro   0x00000000000142dd      0x1cb ./Core/Src/BUTTON.o
 .debug_macro   0x00000000000144a8      0x114 ./Core/Src/BUTTON.o
 .debug_macro   0x00000000000145bc      0x1b2 ./Core/Src/BUTTON.o
 .debug_macro   0x000000000001476e       0x27 ./Core/Src/BUTTON.o
 .debug_macro   0x0000000000014795      0x136 ./Core/Src/BUTTON.o
 .debug_macro   0x00000000000148cb      0x1bc ./Core/Src/BUTTON.o
 .debug_macro   0x0000000000014a87       0x34 ./Core/Src/BUTTON.o
 .debug_macro   0x0000000000014abb       0x3c ./Core/Src/BUTTON.o
 .debug_macro   0x0000000000014af7       0x57 ./Core/Src/BUTTON.o
 .debug_macro   0x0000000000014b4e       0x87 ./Core/Src/BUTTON.o
 .debug_macro   0x0000000000014bd5      0x240 ./Core/Src/BUTTON.o
 .debug_macro   0x0000000000014e15      0x287 ./Core/Src/BUTTON.o
 .debug_macro   0x000000000001509c      0x140 ./Core/Src/BUTTON.o
 .debug_macro   0x00000000000151dc      0x8ed ./Core/Src/BUTTON.o
 .debug_macro   0x0000000000015ac9      0x28e ./Core/Src/BUTTON.o
 .debug_macro   0x0000000000015d57       0x83 ./Core/Src/BUTTON.o
 .debug_macro   0x0000000000015dda       0x88 ./Core/Src/BUTTON.o
 .debug_macro   0x0000000000015e62       0x28 ./Core/Src/BUTTON.o
 .debug_macro   0x0000000000015e8a       0x10 ./Core/Src/BUTTON.o
 .debug_macro   0x0000000000015e9a       0x10 ./Core/Src/BUTTON.o
 .debug_macro   0x0000000000015eaa       0x52 ./Core/Src/BUTTON.o
 .debug_macro   0x0000000000015efc       0x18 ./Core/Src/BUTTON.o
 .debug_macro   0x0000000000015f14       0x3c ./Core/Src/BUTTON.o
 .debug_macro   0x0000000000015f50       0x34 ./Core/Src/BUTTON.o
 .debug_macro   0x0000000000015f84       0x16 ./Core/Src/BUTTON.o
 .debug_macro   0x0000000000015f9a       0x35 ./Core/Src/BUTTON.o
 .debug_macro   0x0000000000015fcf      0x333 ./Core/Src/BUTTON.o
 .debug_macro   0x0000000000016302       0x10 ./Core/Src/BUTTON.o
 .debug_macro   0x0000000000016312       0x16 ./Core/Src/BUTTON.o
 .debug_macro   0x0000000000016328       0x43 ./Core/Src/BUTTON.o
 .debug_macro   0x000000000001636b       0x34 ./Core/Src/BUTTON.o
 .debug_macro   0x000000000001639f       0x10 ./Core/Src/BUTTON.o
 .debug_macro   0x00000000000163af       0x58 ./Core/Src/BUTTON.o
 .debug_macro   0x0000000000016407       0x71 ./Core/Src/BUTTON.o
 .debug_macro   0x0000000000016478       0x1c ./Core/Src/BUTTON.o
 .debug_macro   0x0000000000016494      0x12a ./Core/Src/BUTTON.o
 .debug_macro   0x00000000000165be       0x10 ./Core/Src/BUTTON.o
 .debug_macro   0x00000000000165ce       0x1c ./Core/Src/BUTTON.o
 .debug_macro   0x00000000000165ea       0x52 ./Core/Src/BUTTON.o
 .debug_macro   0x000000000001663c       0x22 ./Core/Src/BUTTON.o
 .debug_macro   0x000000000001665e       0x10 ./Core/Src/BUTTON.o
 .debug_macro   0x000000000001666e       0x40 ./Core/Src/BUTTON.o
 .debug_macro   0x00000000000166ae       0xd5 ./Core/Src/BUTTON.o
 .debug_macro   0x0000000000016783       0x1c ./Core/Src/BUTTON.o
 .debug_macro   0x000000000001679f       0x3d ./Core/Src/BUTTON.o
 .debug_macro   0x00000000000167dc       0x16 ./Core/Src/BUTTON.o
 .debug_macro   0x00000000000167f2      0x145 ./Core/Src/BUTTON.o
 .debug_macro   0x0000000000016937       0x6a ./Core/Src/BUTTON.o
 .debug_macro   0x00000000000169a1      0x391 ./Core/Src/FSM_AUTO.o
 .debug_macro   0x0000000000016d32      0x391 ./Core/Src/FSM_ERROR.o
 .debug_macro   0x00000000000170c3      0x381 ./Core/Src/FSM_INIT.o
 .debug_macro   0x0000000000017444      0x391 ./Core/Src/FSM_MANUAL.o
 .debug_macro   0x00000000000177d5      0x381 ./Core/Src/GLOBAL.o
 .debug_macro   0x0000000000017b56      0x381 ./Core/Src/LCD.o
 .debug_macro   0x0000000000017ed7      0x385 ./Core/Src/SOFTWARE_TIMER.o
 .debug_macro   0x000000000001825c      0x39b ./Core/Src/STATUS_LIGHT.o
 .debug_macro   0x00000000000185f7       0x2e ./Core/Src/STATUS_LIGHT.o
 .debug_macro   0x0000000000018625      0x385 ./Core/Src/main.o
 .debug_macro   0x00000000000189aa      0x1bc ./Core/Src/stm32f1xx_hal_msp.o
 .debug_macro   0x0000000000018b66      0x1c6 ./Core/Src/stm32f1xx_it.o
 .debug_macro   0x0000000000018d2c       0xff ./Core/Src/sysmem.o
 .debug_macro   0x0000000000018e2b      0x23b ./Core/Src/sysmem.o
 .debug_macro   0x0000000000019066      0x1ad ./Core/Src/system_stm32f1xx.o
 .debug_macro   0x0000000000019213      0x1d1 ./Drivers/STM32F1xx_HAL_Driver/Src/stm32f1xx_hal.o
 .debug_macro   0x00000000000193e4      0x1ad ./Drivers/STM32F1xx_HAL_Driver/Src/stm32f1xx_hal_cortex.o
 .debug_macro   0x0000000000019591      0x218 ./Drivers/STM32F1xx_HAL_Driver/Src/stm32f1xx_hal_gpio.o
 .debug_macro   0x00000000000197a9      0x1fb ./Drivers/STM32F1xx_HAL_Driver/Src/stm32f1xx_hal_i2c.o
 .debug_macro   0x00000000000199a4      0x1bf ./Drivers/STM32F1xx_HAL_Driver/Src/stm32f1xx_hal_rcc.o
 .debug_macro   0x0000000000019b63      0x1ae ./Drivers/STM32F1xx_HAL_Driver/Src/stm32f1xx_hal_tim.o
 .debug_macro   0x0000000000019d11      0x1ad ./Drivers/STM32F1xx_HAL_Driver/Src/stm32f1xx_hal_tim_ex.o
 .debug_macro   0x0000000000019ebe      0x1ae ./Drivers/STM32F1xx_HAL_Driver/Src/stm32f1xx_hal_uart.o

.debug_line     0x0000000000000000    0x158be
 .debug_line    0x0000000000000000      0xa05 ./Core/Src/BUTTON.o
 .debug_line    0x0000000000000a05      0x98e ./Core/Src/FSM_AUTO.o
 .debug_line    0x0000000000001393      0x922 ./Core/Src/FSM_ERROR.o
 .debug_line    0x0000000000001cb5      0x903 ./Core/Src/FSM_INIT.o
 .debug_line    0x00000000000025b8      0xa4b ./Core/Src/FSM_MANUAL.o
 .debug_line    0x0000000000003003      0x8d3 ./Core/Src/GLOBAL.o
 .debug_line    0x00000000000038d6      0xc3b ./Core/Src/LCD.o
 .debug_line    0x0000000000004511      0x958 ./Core/Src/SOFTWARE_TIMER.o
 .debug_line    0x0000000000004e69      0x94d ./Core/Src/STATUS_LIGHT.o
 .debug_line    0x00000000000057b6      0xacc ./Core/Src/main.o
 .debug_line    0x0000000000006282      0x764 ./Core/Src/stm32f1xx_hal_msp.o
 .debug_line    0x00000000000069e6      0x786 ./Core/Src/stm32f1xx_it.o
 .debug_line    0x000000000000716c      0x4f8 ./Core/Src/sysmem.o
 .debug_line    0x0000000000007664      0x712 ./Core/Src/system_stm32f1xx.o
 .debug_line    0x0000000000007d76       0x86 ./Core/Startup/startup_stm32f103rbtx.o
 .debug_line    0x0000000000007dfc      0x93f ./Drivers/STM32F1xx_HAL_Driver/Src/stm32f1xx_hal.o
 .debug_line    0x000000000000873b      0xb27 ./Drivers/STM32F1xx_HAL_Driver/Src/stm32f1xx_hal_cortex.o
 .debug_line    0x0000000000009262      0x9d8 ./Drivers/STM32F1xx_HAL_Driver/Src/stm32f1xx_hal_gpio.o
 .debug_line    0x0000000000009c3a     0x3ad5 ./Drivers/STM32F1xx_HAL_Driver/Src/stm32f1xx_hal_i2c.o
 .debug_line    0x000000000000d70f      0xd4b ./Drivers/STM32F1xx_HAL_Driver/Src/stm32f1xx_hal_rcc.o
 .debug_line    0x000000000000e45a     0x33d9 ./Drivers/STM32F1xx_HAL_Driver/Src/stm32f1xx_hal_tim.o
 .debug_line    0x0000000000011833     0x1885 ./Drivers/STM32F1xx_HAL_Driver/Src/stm32f1xx_hal_tim_ex.o
 .debug_line    0x00000000000130b8     0x2806 ./Drivers/STM32F1xx_HAL_Driver/Src/stm32f1xx_hal_uart.o

.debug_str      0x0000000000000000    0x8dabd
 .debug_str     0x0000000000000000    0x892e8 ./Core/Src/BUTTON.o
                                      0x896e8 (size before relaxing)
 .debug_str     0x00000000000892e8       0x24 ./Core/Src/FSM_AUTO.o
                                      0x89552 (size before relaxing)
 .debug_str     0x000000000008930c       0x26 ./Core/Src/FSM_ERROR.o
                                      0x89554 (size before relaxing)
 .debug_str     0x0000000000089332       0x24 ./Core/Src/FSM_INIT.o
                                      0x89552 (size before relaxing)
 .debug_str     0x0000000000089356       0x48 ./Core/Src/FSM_MANUAL.o
                                      0x89576 (size before relaxing)
 .debug_str     0x000000000008939e       0x15 ./Core/Src/GLOBAL.o
                                      0x89543 (size before relaxing)
 .debug_str     0x00000000000893b3      0x540 ./Core/Src/LCD.o
                                      0x89b29 (size before relaxing)
 .debug_str     0x00000000000898f3       0x54 ./Core/Src/SOFTWARE_TIMER.o
                                      0x89588 (size before relaxing)
 .debug_str     0x0000000000089947       0x8d ./Core/Src/STATUS_LIGHT.o
                                      0x89608 (size before relaxing)
 .debug_str     0x00000000000899d4      0x764 ./Core/Src/main.o
                                      0x8a1da (size before relaxing)
 .debug_str     0x000000000008a138      0x317 ./Core/Src/stm32f1xx_hal_msp.o
                                      0x85f4a (size before relaxing)
 .debug_str     0x000000000008a44f       0xe2 ./Core/Src/stm32f1xx_it.o
                                      0x85785 (size before relaxing)
 .debug_str     0x000000000008a531      0x4e9 ./Core/Src/sysmem.o
                                       0x6268 (size before relaxing)
 .debug_str     0x000000000008aa1a       0x52 ./Core/Src/system_stm32f1xx.o
                                      0x85046 (size before relaxing)
 .debug_str     0x000000000008aa6c       0x7b ./Core/Startup/startup_stm32f103rbtx.o
 .debug_str     0x000000000008aae7      0x304 ./Drivers/STM32F1xx_HAL_Driver/Src/stm32f1xx_hal.o
                                      0x856d6 (size before relaxing)
 .debug_str     0x000000000008adeb      0x300 ./Drivers/STM32F1xx_HAL_Driver/Src/stm32f1xx_hal_cortex.o
                                      0x856de (size before relaxing)
 .debug_str     0x000000000008b0eb      0x324 ./Drivers/STM32F1xx_HAL_Driver/Src/stm32f1xx_hal_gpio.o
                                      0x85409 (size before relaxing)
 .debug_str     0x000000000008b40f      0xb95 ./Drivers/STM32F1xx_HAL_Driver/Src/stm32f1xx_hal_i2c.o
                                      0x860d4 (size before relaxing)
 .debug_str     0x000000000008bfa4      0x244 ./Drivers/STM32F1xx_HAL_Driver/Src/stm32f1xx_hal_rcc.o
                                      0x85442 (size before relaxing)
 .debug_str     0x000000000008c1e8      0xdd8 ./Drivers/STM32F1xx_HAL_Driver/Src/stm32f1xx_hal_tim.o
                                      0x8642b (size before relaxing)
 .debug_str     0x000000000008cfc0      0x4ee ./Drivers/STM32F1xx_HAL_Driver/Src/stm32f1xx_hal_tim_ex.o
                                      0x85bcc (size before relaxing)
 .debug_str     0x000000000008d4ae      0x60f ./Drivers/STM32F1xx_HAL_Driver/Src/stm32f1xx_hal_uart.o
                                      0x85a9a (size before relaxing)

.comment        0x0000000000000000       0x53
 .comment       0x0000000000000000       0x53 ./Core/Src/BUTTON.o
                                         0x54 (size before relaxing)
 .comment       0x0000000000000053       0x54 ./Core/Src/FSM_AUTO.o
 .comment       0x0000000000000053       0x54 ./Core/Src/FSM_ERROR.o
 .comment       0x0000000000000053       0x54 ./Core/Src/FSM_INIT.o
 .comment       0x0000000000000053       0x54 ./Core/Src/FSM_MANUAL.o
 .comment       0x0000000000000053       0x54 ./Core/Src/GLOBAL.o
 .comment       0x0000000000000053       0x54 ./Core/Src/LCD.o
 .comment       0x0000000000000053       0x54 ./Core/Src/SOFTWARE_TIMER.o
 .comment       0x0000000000000053       0x54 ./Core/Src/STATUS_LIGHT.o
 .comment       0x0000000000000053       0x54 ./Core/Src/main.o
 .comment       0x0000000000000053       0x54 ./Core/Src/stm32f1xx_hal_msp.o
 .comment       0x0000000000000053       0x54 ./Core/Src/stm32f1xx_it.o
 .comment       0x0000000000000053       0x54 ./Core/Src/sysmem.o
 .comment       0x0000000000000053       0x54 ./Core/Src/system_stm32f1xx.o
 .comment       0x0000000000000053       0x54 ./Drivers/STM32F1xx_HAL_Driver/Src/stm32f1xx_hal.o
 .comment       0x0000000000000053       0x54 ./Drivers/STM32F1xx_HAL_Driver/Src/stm32f1xx_hal_cortex.o
 .comment       0x0000000000000053       0x54 ./Drivers/STM32F1xx_HAL_Driver/Src/stm32f1xx_hal_gpio.o
 .comment       0x0000000000000053       0x54 ./Drivers/STM32F1xx_HAL_Driver/Src/stm32f1xx_hal_i2c.o
 .comment       0x0000000000000053       0x54 ./Drivers/STM32F1xx_HAL_Driver/Src/stm32f1xx_hal_rcc.o
 .comment       0x0000000000000053       0x54 ./Drivers/STM32F1xx_HAL_Driver/Src/stm32f1xx_hal_tim.o
 .comment       0x0000000000000053       0x54 ./Drivers/STM32F1xx_HAL_Driver/Src/stm32f1xx_hal_tim_ex.o
 .comment       0x0000000000000053       0x54 ./Drivers/STM32F1xx_HAL_Driver/Src/stm32f1xx_hal_uart.o

.debug_frame    0x0000000000000000     0x44ec
 .debug_frame   0x0000000000000000       0xd0 ./Core/Src/BUTTON.o
 .debug_frame   0x00000000000000d0       0x2c ./Core/Src/FSM_AUTO.o
 .debug_frame   0x00000000000000fc       0x2c ./Core/Src/FSM_ERROR.o
 .debug_frame   0x0000000000000128       0x2c ./Core/Src/FSM_INIT.o
 .debug_frame   0x0000000000000154       0x2c ./Core/Src/FSM_MANUAL.o
 .debug_frame   0x0000000000000180      0x1a0 ./Core/Src/LCD.o
 .debug_frame   0x0000000000000320       0x88 ./Core/Src/SOFTWARE_TIMER.o
 .debug_frame   0x00000000000003a8       0x7c ./Core/Src/STATUS_LIGHT.o
 .debug_frame   0x0000000000000424      0x10c ./Core/Src/main.o
 .debug_frame   0x0000000000000530      0x110 ./Core/Src/stm32f1xx_hal_msp.o
 .debug_frame   0x0000000000000640      0x13c ./Core/Src/stm32f1xx_it.o
 .debug_frame   0x000000000000077c       0x34 ./Core/Src/sysmem.o
 .debug_frame   0x00000000000007b0       0x58 ./Core/Src/system_stm32f1xx.o
 .debug_frame   0x0000000000000808      0x334 ./Drivers/STM32F1xx_HAL_Driver/Src/stm32f1xx_hal.o
 .debug_frame   0x0000000000000b3c      0x428 ./Drivers/STM32F1xx_HAL_Driver/Src/stm32f1xx_hal_cortex.o
 .debug_frame   0x0000000000000f64      0x14c ./Drivers/STM32F1xx_HAL_Driver/Src/stm32f1xx_hal_gpio.o
 .debug_frame   0x00000000000010b0      0xc84 ./Drivers/STM32F1xx_HAL_Driver/Src/stm32f1xx_hal_i2c.o
 .debug_frame   0x0000000000001d34      0x218 ./Drivers/STM32F1xx_HAL_Driver/Src/stm32f1xx_hal_rcc.o
 .debug_frame   0x0000000000001f4c     0x11b8 ./Drivers/STM32F1xx_HAL_Driver/Src/stm32f1xx_hal_tim.o
 .debug_frame   0x0000000000003104      0x638 ./Drivers/STM32F1xx_HAL_Driver/Src/stm32f1xx_hal_tim_ex.o
 .debug_frame   0x000000000000373c      0x944 ./Drivers/STM32F1xx_HAL_Driver/Src/stm32f1xx_hal_uart.o
 .debug_frame   0x0000000000004080       0x20 c:/st/stm32cubeide_1.7.0/stm32cubeide/plugins/com.st.stm32cube.ide.mcu.externaltools.gnu-tools-for-stm32.9-2020-q2-update.win32_2.0.0.202105311346/tools/bin/../lib/gcc/arm-none-eabi/9.3.1/../../../../arm-none-eabi/lib/thumb/v7-m/nofp\libc_nano.a(lib_a-errno.o)
 .debug_frame   0x00000000000040a0       0x2c c:/st/stm32cubeide_1.7.0/stm32cubeide/plugins/com.st.stm32cube.ide.mcu.externaltools.gnu-tools-for-stm32.9-2020-q2-update.win32_2.0.0.202105311346/tools/bin/../lib/gcc/arm-none-eabi/9.3.1/../../../../arm-none-eabi/lib/thumb/v7-m/nofp\libc_nano.a(lib_a-init.o)
 .debug_frame   0x00000000000040cc       0x20 c:/st/stm32cubeide_1.7.0/stm32cubeide/plugins/com.st.stm32cube.ide.mcu.externaltools.gnu-tools-for-stm32.9-2020-q2-update.win32_2.0.0.202105311346/tools/bin/../lib/gcc/arm-none-eabi/9.3.1/../../../../arm-none-eabi/lib/thumb/v7-m/nofp\libc_nano.a(lib_a-memset.o)
 .debug_frame   0x00000000000040ec       0x6c c:/st/stm32cubeide_1.7.0/stm32cubeide/plugins/com.st.stm32cube.ide.mcu.externaltools.gnu-tools-for-stm32.9-2020-q2-update.win32_2.0.0.202105311346/tools/bin/../lib/gcc/arm-none-eabi/9.3.1/../../../../arm-none-eabi/lib/thumb/v7-m/nofp\libc_nano.a(lib_a-sprintf.o)
 .debug_frame   0x0000000000004158       0x90 c:/st/stm32cubeide_1.7.0/stm32cubeide/plugins/com.st.stm32cube.ide.mcu.externaltools.gnu-tools-for-stm32.9-2020-q2-update.win32_2.0.0.202105311346/tools/bin/../lib/gcc/arm-none-eabi/9.3.1/../../../../arm-none-eabi/lib/thumb/v7-m/nofp\libc_nano.a(lib_a-nano-svfprintf.o)
 .debug_frame   0x00000000000041e8       0x60 c:/st/stm32cubeide_1.7.0/stm32cubeide/plugins/com.st.stm32cube.ide.mcu.externaltools.gnu-tools-for-stm32.9-2020-q2-update.win32_2.0.0.202105311346/tools/bin/../lib/gcc/arm-none-eabi/9.3.1/../../../../arm-none-eabi/lib/thumb/v7-m/nofp\libc_nano.a(lib_a-nano-vfprintf_i.o)
 .debug_frame   0x0000000000004248       0x28 c:/st/stm32cubeide_1.7.0/stm32cubeide/plugins/com.st.stm32cube.ide.mcu.externaltools.gnu-tools-for-stm32.9-2020-q2-update.win32_2.0.0.202105311346/tools/bin/../lib/gcc/arm-none-eabi/9.3.1/../../../../arm-none-eabi/lib/thumb/v7-m/nofp\libc_nano.a(lib_a-memchr-stub.o)
 .debug_frame   0x0000000000004270       0x28 c:/st/stm32cubeide_1.7.0/stm32cubeide/plugins/com.st.stm32cube.ide.mcu.externaltools.gnu-tools-for-stm32.9-2020-q2-update.win32_2.0.0.202105311346/tools/bin/../lib/gcc/arm-none-eabi/9.3.1/../../../../arm-none-eabi/lib/thumb/v7-m/nofp\libc_nano.a(lib_a-memcpy-stub.o)
 .debug_frame   0x0000000000004298       0x28 c:/st/stm32cubeide_1.7.0/stm32cubeide/plugins/com.st.stm32cube.ide.mcu.externaltools.gnu-tools-for-stm32.9-2020-q2-update.win32_2.0.0.202105311346/tools/bin/../lib/gcc/arm-none-eabi/9.3.1/../../../../arm-none-eabi/lib/thumb/v7-m/nofp\libc_nano.a(lib_a-memmove.o)
 .debug_frame   0x00000000000042c0       0x38 c:/st/stm32cubeide_1.7.0/stm32cubeide/plugins/com.st.stm32cube.ide.mcu.externaltools.gnu-tools-for-stm32.9-2020-q2-update.win32_2.0.0.202105311346/tools/bin/../lib/gcc/arm-none-eabi/9.3.1/../../../../arm-none-eabi/lib/thumb/v7-m/nofp\libc_nano.a(lib_a-nano-freer.o)
 .debug_frame   0x00000000000042f8       0x30 c:/st/stm32cubeide_1.7.0/stm32cubeide/plugins/com.st.stm32cube.ide.mcu.externaltools.gnu-tools-for-stm32.9-2020-q2-update.win32_2.0.0.202105311346/tools/bin/../lib/gcc/arm-none-eabi/9.3.1/../../../../arm-none-eabi/lib/thumb/v7-m/nofp\libc_nano.a(lib_a-nano-mallocr.o)
 .debug_frame   0x0000000000004328       0x3c c:/st/stm32cubeide_1.7.0/stm32cubeide/plugins/com.st.stm32cube.ide.mcu.externaltools.gnu-tools-for-stm32.9-2020-q2-update.win32_2.0.0.202105311346/tools/bin/../lib/gcc/arm-none-eabi/9.3.1/../../../../arm-none-eabi/lib/thumb/v7-m/nofp\libc_nano.a(lib_a-nano-reallocr.o)
 .debug_frame   0x0000000000004364       0x2c c:/st/stm32cubeide_1.7.0/stm32cubeide/plugins/com.st.stm32cube.ide.mcu.externaltools.gnu-tools-for-stm32.9-2020-q2-update.win32_2.0.0.202105311346/tools/bin/../lib/gcc/arm-none-eabi/9.3.1/../../../../arm-none-eabi/lib/thumb/v7-m/nofp\libc_nano.a(lib_a-sbrkr.o)
 .debug_frame   0x0000000000004390       0x30 c:/st/stm32cubeide_1.7.0/stm32cubeide/plugins/com.st.stm32cube.ide.mcu.externaltools.gnu-tools-for-stm32.9-2020-q2-update.win32_2.0.0.202105311346/tools/bin/../lib/gcc/arm-none-eabi/9.3.1/../../../../arm-none-eabi/lib/thumb/v7-m/nofp\libc_nano.a(lib_a-mlock.o)
 .debug_frame   0x00000000000043c0       0x20 c:/st/stm32cubeide_1.7.0/stm32cubeide/plugins/com.st.stm32cube.ide.mcu.externaltools.gnu-tools-for-stm32.9-2020-q2-update.win32_2.0.0.202105311346/tools/bin/../lib/gcc/arm-none-eabi/9.3.1/../../../../arm-none-eabi/lib/thumb/v7-m/nofp\libc_nano.a(lib_a-nano-msizer.o)
 .debug_frame   0x00000000000043e0       0x5c c:/st/stm32cubeide_1.7.0/stm32cubeide/plugins/com.st.stm32cube.ide.mcu.externaltools.gnu-tools-for-stm32.9-2020-q2-update.win32_2.0.0.202105311346/tools/bin/../lib/gcc/arm-none-eabi/9.3.1/../../../../arm-none-eabi/lib/thumb/v7-m/nofp\libc_nano.a(lib_a-reent.o)
 .debug_frame   0x000000000000443c       0xb0 c:/st/stm32cubeide_1.7.0/stm32cubeide/plugins/com.st.stm32cube.ide.mcu.externaltools.gnu-tools-for-stm32.9-2020-q2-update.win32_2.0.0.202105311346/tools/bin/../lib/gcc/arm-none-eabi/9.3.1/../../../../arm-none-eabi/lib/thumb/v7-m/nofp\libc_nano.a(lib_a-lock.o)
